Archive member included because of file (symbol)

c:/program files (x86)/atmel/atmel toolchain/avr8 gcc/native/3.4.2.939/avr8-gnu-toolchain/bin/../lib/gcc/avr/4.7.2/avrxmega4\libgcc.a(_exit.o)
                              c:/program files (x86)/atmel/atmel toolchain/avr8 gcc/native/3.4.2.939/avr8-gnu-toolchain/bin/../lib/gcc/avr/4.7.2/../../../../avr/lib/avrxmega4/crtx64a4u.o (exit)

Discarded input sections

 .bss           0x00000000        0x0 c:/program files (x86)/atmel/atmel toolchain/avr8 gcc/native/3.4.2.939/avr8-gnu-toolchain/bin/../lib/gcc/avr/4.7.2/../../../../avr/lib/avrxmega4/crtx64a4u.o
 .group         0x00000000        0x8 src/ASF/common/boards/user_board/init.o
 .group         0x00000000        0x8 src/ASF/common/boards/user_board/init.o
 .group         0x00000000        0x8 src/ASF/common/boards/user_board/init.o
 .group         0x00000000        0x8 src/ASF/common/boards/user_board/init.o
 .group         0x00000000        0x8 src/ASF/common/boards/user_board/init.o
 .group         0x00000000        0x8 src/ASF/common/boards/user_board/init.o
 .group         0x00000000        0x8 src/ASF/common/boards/user_board/init.o
 .group         0x00000000        0x8 src/ASF/common/boards/user_board/init.o
 .group         0x00000000        0x8 src/ASF/common/boards/user_board/init.o
 .group         0x00000000        0x8 src/ASF/common/boards/user_board/init.o
 .group         0x00000000        0x8 src/ASF/common/boards/user_board/init.o
 .group         0x00000000        0x8 src/ASF/common/boards/user_board/init.o
 .group         0x00000000        0x8 src/ASF/common/boards/user_board/init.o
 .group         0x00000000        0x8 src/ASF/common/boards/user_board/init.o
 .group         0x00000000        0x8 src/ASF/common/boards/user_board/init.o
 .group         0x00000000        0x8 src/ASF/common/boards/user_board/init.o
 .group         0x00000000        0x8 src/ASF/common/boards/user_board/init.o
 .group         0x00000000        0x8 src/ASF/common/boards/user_board/init.o
 .group         0x00000000        0x8 src/ASF/common/boards/user_board/init.o
 .group         0x00000000        0x8 src/ASF/common/boards/user_board/init.o
 .group         0x00000000        0x8 src/ASF/common/boards/user_board/init.o
 .group         0x00000000        0x8 src/ASF/common/boards/user_board/init.o
 .group         0x00000000        0x8 src/ASF/common/boards/user_board/init.o
 .group         0x00000000        0x8 src/ASF/common/boards/user_board/init.o
 .group         0x00000000        0x8 src/ASF/common/boards/user_board/init.o
 .group         0x00000000        0x8 src/ASF/common/boards/user_board/init.o
 .group         0x00000000        0x8 src/ASF/common/boards/user_board/init.o
 .group         0x00000000        0x8 src/ASF/common/boards/user_board/init.o
 .group         0x00000000        0x8 src/ASF/common/boards/user_board/init.o
 .group         0x00000000        0x8 src/ASF/common/boards/user_board/init.o
 .group         0x00000000        0x8 src/ASF/common/boards/user_board/init.o
 .text          0x00000000        0x0 src/ASF/common/boards/user_board/init.o
 .bss           0x00000000        0x0 src/ASF/common/boards/user_board/init.o
 .group         0x00000000        0x8 src/main.o
 .group         0x00000000        0x8 src/main.o
 .group         0x00000000        0x8 src/main.o
 .group         0x00000000        0x8 src/main.o
 .group         0x00000000        0x8 src/main.o
 .group         0x00000000        0x8 src/main.o
 .group         0x00000000        0x8 src/main.o
 .group         0x00000000        0x8 src/main.o
 .group         0x00000000        0x8 src/main.o
 .group         0x00000000        0x8 src/main.o
 .group         0x00000000        0x8 src/main.o
 .group         0x00000000        0x8 src/main.o
 .group         0x00000000        0x8 src/main.o
 .group         0x00000000        0x8 src/main.o
 .group         0x00000000        0x8 src/main.o
 .group         0x00000000        0x8 src/main.o
 .group         0x00000000        0x8 src/main.o
 .group         0x00000000        0x8 src/main.o
 .group         0x00000000        0x8 src/main.o
 .group         0x00000000        0x8 src/main.o
 .group         0x00000000        0x8 src/main.o
 .group         0x00000000        0x8 src/main.o
 .group         0x00000000        0x8 src/main.o
 .group         0x00000000        0x8 src/main.o
 .group         0x00000000        0x8 src/main.o
 .group         0x00000000        0x8 src/main.o
 .group         0x00000000        0x8 src/main.o
 .group         0x00000000        0x8 src/main.o
 .group         0x00000000        0x8 src/main.o
 .group         0x00000000        0x8 src/main.o
 .group         0x00000000        0x8 src/main.o
 .text          0x00000000        0x0 src/main.o
 .bss           0x00000000        0x0 src/main.o
 .debug_macro   0x00000000      0x5c2 src/main.o
 .debug_macro   0x00000000       0x10 src/main.o
 .debug_macro   0x00000000      0x1ad src/main.o
 .debug_macro   0x00000000      0x293 src/main.o
 .debug_macro   0x00000000       0x9e src/main.o
 .debug_macro   0x00000000     0x53b4 src/main.o
 .debug_macro   0x00000000       0x9a src/main.o
 .debug_macro   0x00000000       0xf1 src/main.o
 .debug_macro   0x00000000       0x34 src/main.o
 .debug_macro   0x00000000       0x18 src/main.o
 .debug_macro   0x00000000       0x5e src/main.o
 .debug_macro   0x00000000       0x10 src/main.o
 .debug_macro   0x00000000       0x22 src/main.o
 .debug_macro   0x00000000      0x16c src/main.o
 .debug_macro   0x00000000       0x1c src/main.o
 .debug_macro   0x00000000       0x35 src/main.o
 .debug_macro   0x00000000       0x51 src/main.o
 .debug_macro   0x00000000      0x2bd src/main.o
 .debug_macro   0x00000000       0x97 src/main.o
 .debug_macro   0x00000000       0x17 src/main.o
 .debug_macro   0x00000000      0x250 src/main.o
 .debug_macro   0x00000000       0x76 src/main.o
 .debug_macro   0x00000000       0x16 src/main.o
 .debug_macro   0x00000000      0x6e0 src/main.o
 .debug_macro   0x00000000       0x10 src/main.o
 .debug_macro   0x00000000      0x160 src/main.o
 .debug_macro   0x00000000       0x40 src/main.o
 .debug_macro   0x00000000       0x69 src/main.o
 .debug_macro   0x00000000       0x32 src/main.o
 .debug_macro   0x00000000       0xe4 src/main.o
 .debug_macro   0x00000000      0x1bb src/main.o
 .text          0x00000000        0x0 c:/program files (x86)/atmel/atmel toolchain/avr8 gcc/native/3.4.2.939/avr8-gnu-toolchain/bin/../lib/gcc/avr/4.7.2/avrxmega4\libgcc.a(_exit.o)
 .bss           0x00000000        0x0 c:/program files (x86)/atmel/atmel toolchain/avr8 gcc/native/3.4.2.939/avr8-gnu-toolchain/bin/../lib/gcc/avr/4.7.2/avrxmega4\libgcc.a(_exit.o)
 .text.libgcc.mul
                0x00000000        0x0 c:/program files (x86)/atmel/atmel toolchain/avr8 gcc/native/3.4.2.939/avr8-gnu-toolchain/bin/../lib/gcc/avr/4.7.2/avrxmega4\libgcc.a(_exit.o)
 .text.libgcc.div
                0x00000000        0x0 c:/program files (x86)/atmel/atmel toolchain/avr8 gcc/native/3.4.2.939/avr8-gnu-toolchain/bin/../lib/gcc/avr/4.7.2/avrxmega4\libgcc.a(_exit.o)
 .text.libgcc   0x00000000        0x0 c:/program files (x86)/atmel/atmel toolchain/avr8 gcc/native/3.4.2.939/avr8-gnu-toolchain/bin/../lib/gcc/avr/4.7.2/avrxmega4\libgcc.a(_exit.o)
 .text.libgcc.prologue
                0x00000000        0x0 c:/program files (x86)/atmel/atmel toolchain/avr8 gcc/native/3.4.2.939/avr8-gnu-toolchain/bin/../lib/gcc/avr/4.7.2/avrxmega4\libgcc.a(_exit.o)
 .text.libgcc.builtins
                0x00000000        0x0 c:/program files (x86)/atmel/atmel toolchain/avr8 gcc/native/3.4.2.939/avr8-gnu-toolchain/bin/../lib/gcc/avr/4.7.2/avrxmega4\libgcc.a(_exit.o)
 .text.libgcc.fmul
                0x00000000        0x0 c:/program files (x86)/atmel/atmel toolchain/avr8 gcc/native/3.4.2.939/avr8-gnu-toolchain/bin/../lib/gcc/avr/4.7.2/avrxmega4\libgcc.a(_exit.o)

Memory Configuration

Name             Origin             Length             Attributes
text             0x00000000         0x00100000         xr
data             0x00802000         0x0000ffa0         rw !x
eeprom           0x00810000         0x00010000         rw !x
fuse             0x00820000         0x00000400         rw !x
lock             0x00830000         0x00000400         rw !x
signature        0x00840000         0x00000400         rw !x
user_signatures  0x00850000         0x00000400         rw !x
*default*        0x00000000         0xffffffff

Linker script and memory map

LOAD c:/program files (x86)/atmel/atmel toolchain/avr8 gcc/native/3.4.2.939/avr8-gnu-toolchain/bin/../lib/gcc/avr/4.7.2/../../../../avr/lib/avrxmega4/crtx64a4u.o
LOAD src/ASF/common/boards/user_board/init.o
LOAD src/main.o
START GROUP
END GROUP
LOAD c:/program files (x86)/atmel/atmel toolchain/avr8 gcc/native/3.4.2.939/avr8-gnu-toolchain/bin/../lib/gcc/avr/4.7.2/avrxmega4\libgcc.a
LOAD c:/program files (x86)/atmel/atmel toolchain/avr8 gcc/native/3.4.2.939/avr8-gnu-toolchain/bin/../lib/gcc/avr/4.7.2/../../../../avr/lib/avrxmega4\libc.a
LOAD c:/program files (x86)/atmel/atmel toolchain/avr8 gcc/native/3.4.2.939/avr8-gnu-toolchain/bin/../lib/gcc/avr/4.7.2/avrxmega4\libgcc.a

.hash
 *(.hash)

.dynsym
 *(.dynsym)

.dynstr
 *(.dynstr)

.gnu.version
 *(.gnu.version)

.gnu.version_d
 *(.gnu.version_d)

.gnu.version_r
 *(.gnu.version_r)

.rel.init
 *(.rel.init)

.rela.init
 *(.rela.init)

.rel.text
 *(.rel.text)
 *(.rel.text.*)
 *(.rel.gnu.linkonce.t*)

.rela.text
 *(.rela.text)
 *(.rela.text.*)
 *(.rela.gnu.linkonce.t*)

.rel.fini
 *(.rel.fini)

.rela.fini
 *(.rela.fini)

.rel.rodata
 *(.rel.rodata)
 *(.rel.rodata.*)
 *(.rel.gnu.linkonce.r*)

.rela.rodata
 *(.rela.rodata)
 *(.rela.rodata.*)
 *(.rela.gnu.linkonce.r*)

.rel.data
 *(.rel.data)
 *(.rel.data.*)
 *(.rel.gnu.linkonce.d*)

.rela.data
 *(.rela.data)
 *(.rela.data.*)
 *(.rela.gnu.linkonce.d*)

.rel.ctors
 *(.rel.ctors)

.rela.ctors
 *(.rela.ctors)

.rel.dtors
 *(.rel.dtors)

.rela.dtors
 *(.rela.dtors)

.rel.got
 *(.rel.got)

.rela.got
 *(.rela.got)

.rel.bss
 *(.rel.bss)

.rela.bss
 *(.rela.bss)

.rel.plt
 *(.rel.plt)

.rela.plt
 *(.rela.plt)

.text           0x00000000      0x21c
 *(.vectors)
 .vectors       0x00000000      0x1fc c:/program files (x86)/atmel/atmel toolchain/avr8 gcc/native/3.4.2.939/avr8-gnu-toolchain/bin/../lib/gcc/avr/4.7.2/../../../../avr/lib/avrxmega4/crtx64a4u.o
                0x00000000                __vector_default
                0x00000000                __vectors
 *(.vectors)
 *(.progmem.gcc*)
 *(.progmem*)
                0x000001fc                . = ALIGN (0x2)
                0x000001fc                __trampolines_start = .
 *(.trampolines)
 .trampolines   0x000001fc        0x0 linker stubs
 *(.trampolines*)
                0x000001fc                __trampolines_end = .
 *(.jumptables)
 *(.jumptables*)
 *(.lowtext)
 *(.lowtext*)
                0x000001fc                __ctors_start = .
 *(.ctors)
                0x000001fc                __ctors_end = .
                0x000001fc                __dtors_start = .
 *(.dtors)
                0x000001fc                __dtors_end = .
 SORT(*)(.ctors)
 SORT(*)(.dtors)
 *(.init0)
 .init0         0x000001fc        0x0 c:/program files (x86)/atmel/atmel toolchain/avr8 gcc/native/3.4.2.939/avr8-gnu-toolchain/bin/../lib/gcc/avr/4.7.2/../../../../avr/lib/avrxmega4/crtx64a4u.o
                0x000001fc                __init
 *(.init0)
 *(.init1)
 *(.init1)
 *(.init2)
 .init2         0x000001fc        0xc c:/program files (x86)/atmel/atmel toolchain/avr8 gcc/native/3.4.2.939/avr8-gnu-toolchain/bin/../lib/gcc/avr/4.7.2/../../../../avr/lib/avrxmega4/crtx64a4u.o
 *(.init2)
 *(.init3)
 *(.init3)
 *(.init4)
 *(.init4)
 *(.init5)
 *(.init5)
 *(.init6)
 *(.init6)
 *(.init7)
 *(.init7)
 *(.init8)
 *(.init8)
 *(.init9)
 .init9         0x00000208        0x4 c:/program files (x86)/atmel/atmel toolchain/avr8 gcc/native/3.4.2.939/avr8-gnu-toolchain/bin/../lib/gcc/avr/4.7.2/../../../../avr/lib/avrxmega4/crtx64a4u.o
 *(.init9)
 *(.text)
 .text          0x0000020c        0x2 c:/program files (x86)/atmel/atmel toolchain/avr8 gcc/native/3.4.2.939/avr8-gnu-toolchain/bin/../lib/gcc/avr/4.7.2/../../../../avr/lib/avrxmega4/crtx64a4u.o
                0x0000020c                __vector_38
                0x0000020c                __vector_104
                0x0000020c                __vector_22
                0x0000020c                __vector_63
                0x0000020c                __vector_28
                0x0000020c                __vector_67
                0x0000020c                __vector_1
                0x0000020c                __vector_119
                0x0000020c                __vector_32
                0x0000020c                __vector_75
                0x0000020c                __vector_71
                0x0000020c                __vector_91
                0x0000020c                __vector_34
                0x0000020c                __vector_62
                0x0000020c                __vector_77
                0x0000020c                __vector_102
                0x0000020c                __vector_24
                0x0000020c                __vector_12
                0x0000020c                __vector_55
                0x0000020c                __vector_69
                0x0000020c                __vector_81
                0x0000020c                __vector_90
                0x0000020c                __vector_46
                0x0000020c                __bad_interrupt
                0x0000020c                __vector_122
                0x0000020c                __vector_72
                0x0000020c                __vector_114
                0x0000020c                __vector_6
                0x0000020c                __vector_110
                0x0000020c                __vector_31
                0x0000020c                __vector_92
                0x0000020c                __vector_35
                0x0000020c                __vector_78
                0x0000020c                __vector_74
                0x0000020c                __vector_117
                0x0000020c                __vector_39
                0x0000020c                __vector_107
                0x0000020c                __vector_3
                0x0000020c                __vector_105
                0x0000020c                __vector_98
                0x0000020c                __vector_23
                0x0000020c                __vector_68
                0x0000020c                __vector_30
                0x0000020c                __vector_73
                0x0000020c                __vector_45
                0x0000020c                __vector_25
                0x0000020c                __vector_93
                0x0000020c                __vector_61
                0x0000020c                __vector_11
                0x0000020c                __vector_54
                0x0000020c                __vector_99
                0x0000020c                __vector_13
                0x0000020c                __vector_17
                0x0000020c                __vector_19
                0x0000020c                __vector_56
                0x0000020c                __vector_7
                0x0000020c                __vector_125
                0x0000020c                __vector_49
                0x0000020c                __vector_123
                0x0000020c                __vector_41
                0x0000020c                __vector_86
                0x0000020c                __vector_100
                0x0000020c                __vector_101
                0x0000020c                __vector_64
                0x0000020c                __vector_88
                0x0000020c                __vector_109
                0x0000020c                __vector_43
                0x0000020c                __vector_27
                0x0000020c                __vector_5
                0x0000020c                __vector_113
                0x0000020c                __vector_33
                0x0000020c                __vector_76
                0x0000020c                __vector_115
                0x0000020c                __vector_47
                0x0000020c                __vector_52
                0x0000020c                __vector_37
                0x0000020c                __vector_95
                0x0000020c                __vector_103
                0x0000020c                __vector_96
                0x0000020c                __vector_89
                0x0000020c                __vector_108
                0x0000020c                __vector_4
                0x0000020c                __vector_44
                0x0000020c                __vector_82
                0x0000020c                __vector_106
                0x0000020c                __vector_118
                0x0000020c                __vector_51
                0x0000020c                __vector_9
                0x0000020c                __vector_2
                0x0000020c                __vector_21
                0x0000020c                __vector_15
                0x0000020c                __vector_66
                0x0000020c                __vector_36
                0x0000020c                __vector_79
                0x0000020c                __vector_58
                0x0000020c                __vector_70
                0x0000020c                __vector_83
                0x0000020c                __vector_29
                0x0000020c                __vector_60
                0x0000020c                __vector_121
                0x0000020c                __vector_40
                0x0000020c                __vector_85
                0x0000020c                __vector_94
                0x0000020c                __vector_126
                0x0000020c                __vector_8
                0x0000020c                __vector_26
                0x0000020c                __vector_48
                0x0000020c                __vector_124
                0x0000020c                __vector_116
                0x0000020c                __vector_112
                0x0000020c                __vector_111
                0x0000020c                __vector_80
                0x0000020c                __vector_14
                0x0000020c                __vector_84
                0x0000020c                __vector_57
                0x0000020c                __vector_53
                0x0000020c                __vector_10
                0x0000020c                __vector_50
                0x0000020c                __vector_16
                0x0000020c                __vector_59
                0x0000020c                __vector_18
                0x0000020c                __vector_97
                0x0000020c                __vector_20
                0x0000020c                __vector_42
                0x0000020c                __vector_87
                0x0000020c                __vector_65
                0x0000020c                __vector_120
                0x0000020e                . = ALIGN (0x2)
 *(.text.*)
 .text.board_init
                0x0000020e        0x2 src/ASF/common/boards/user_board/init.o
                0x0000020e                board_init
 .text.main     0x00000210        0x8 src/main.o
                0x00000210                main
                0x00000218                . = ALIGN (0x2)
 *(.fini9)
 .fini9         0x00000218        0x0 c:/program files (x86)/atmel/atmel toolchain/avr8 gcc/native/3.4.2.939/avr8-gnu-toolchain/bin/../lib/gcc/avr/4.7.2/avrxmega4\libgcc.a(_exit.o)
                0x00000218                _exit
                0x00000218                exit
 *(.fini9)
 *(.fini8)
 *(.fini8)
 *(.fini7)
 *(.fini7)
 *(.fini6)
 *(.fini6)
 *(.fini5)
 *(.fini5)
 *(.fini4)
 *(.fini4)
 *(.fini3)
 *(.fini3)
 *(.fini2)
 *(.fini2)
 *(.fini1)
 *(.fini1)
 *(.fini0)
 .fini0         0x00000218        0x4 c:/program files (x86)/atmel/atmel toolchain/avr8 gcc/native/3.4.2.939/avr8-gnu-toolchain/bin/../lib/gcc/avr/4.7.2/avrxmega4\libgcc.a(_exit.o)
 *(.fini0)
                0x0000021c                _etext = .

.data           0x00802000        0x0 load address 0x0000021c
                0x00802000                PROVIDE (__data_start, .)
 *(.data)
 .data          0x00802000        0x0 c:/program files (x86)/atmel/atmel toolchain/avr8 gcc/native/3.4.2.939/avr8-gnu-toolchain/bin/../lib/gcc/avr/4.7.2/../../../../avr/lib/avrxmega4/crtx64a4u.o
 .data          0x00802000        0x0 src/ASF/common/boards/user_board/init.o
 .data          0x00802000        0x0 src/main.o
 .data          0x00802000        0x0 c:/program files (x86)/atmel/atmel toolchain/avr8 gcc/native/3.4.2.939/avr8-gnu-toolchain/bin/../lib/gcc/avr/4.7.2/avrxmega4\libgcc.a(_exit.o)
 *(.data*)
 *(.rodata)
 *(.rodata*)
 *(.gnu.linkonce.d*)
                0x00802000                . = ALIGN (0x2)
                0x00802000                _edata = .
                0x00802000                PROVIDE (__data_end, .)

.bss            0x00802000        0x0
                0x00802000                PROVIDE (__bss_start, .)
 *(.bss)
 *(.bss*)
 *(COMMON)
                0x00802000                PROVIDE (__bss_end, .)
                0x0000021c                __data_load_start = LOADADDR (.data)
                0x0000021c                __data_load_end = (__data_load_start + SIZEOF (.data))

.noinit         0x00802000        0x0
                0x00802000                PROVIDE (__noinit_start, .)
 *(.noinit*)
                0x00802000                PROVIDE (__noinit_end, .)
                0x00802000                _end = .
                0x00802000                PROVIDE (__heap_start, .)

.eeprom         0x00810000        0x0
 *(.eeprom*)
                0x00810000                __eeprom_end = .

.fuse
 *(.fuse)
 *(.lfuse)
 *(.hfuse)
 *(.efuse)

.lock
 *(.lock*)

.signature
 *(.signature*)

.user_signatures
 *(.user_signatures*)

.stab           0x00000000      0x6cc
 *(.stab)
 .stab          0x00000000      0x6cc c:/program files (x86)/atmel/atmel toolchain/avr8 gcc/native/3.4.2.939/avr8-gnu-toolchain/bin/../lib/gcc/avr/4.7.2/../../../../avr/lib/avrxmega4/crtx64a4u.o

.stabstr        0x00000000       0x97
 *(.stabstr)
 .stabstr       0x00000000       0x97 c:/program files (x86)/atmel/atmel toolchain/avr8 gcc/native/3.4.2.939/avr8-gnu-toolchain/bin/../lib/gcc/avr/4.7.2/../../../../avr/lib/avrxmega4/crtx64a4u.o

.stab.excl
 *(.stab.excl)

.stab.exclstr
 *(.stab.exclstr)

.stab.index
 *(.stab.index)

.stab.indexstr
 *(.stab.indexstr)

.comment        0x00000000       0x2f
 *(.comment)
 .comment       0x00000000       0x2f src/ASF/common/boards/user_board/init.o
                                 0x30 (size before relaxing)
 .comment       0x00000000       0x30 src/main.o

.debug
 *(.debug)

.line
 *(.line)

.debug_srcinfo
 *(.debug_srcinfo)

.debug_sfnames
 *(.debug_sfnames)

.debug_aranges  0x00000000       0x40
 *(.debug_aranges)
 .debug_aranges
                0x00000000       0x20 src/ASF/common/boards/user_board/init.o
 .debug_aranges
                0x00000020       0x20 src/main.o

.debug_pubnames
 *(.debug_pubnames)

.debug_info     0x00000000      0x13f
 *(.debug_info)
 .debug_info    0x00000000       0x91 src/ASF/common/boards/user_board/init.o
 .debug_info    0x00000091       0xae src/main.o
 *(.gnu.linkonce.wi.*)

.debug_abbrev   0x00000000       0xae
 *(.debug_abbrev)
 .debug_abbrev  0x00000000       0x47 src/ASF/common/boards/user_board/init.o
 .debug_abbrev  0x00000047       0x67 src/main.o

.debug_line     0x00000000      0x8c6
 *(.debug_line)
 .debug_line    0x00000000      0x45d src/ASF/common/boards/user_board/init.o
 .debug_line    0x0000045d      0x469 src/main.o

.debug_frame    0x00000000       0x48
 *(.debug_frame)
 .debug_frame   0x00000000       0x24 src/ASF/common/boards/user_board/init.o
 .debug_frame   0x00000024       0x24 src/main.o

.debug_str      0x00000000    0x2051a
 *(.debug_str)
 .debug_str     0x00000000    0x20507 src/ASF/common/boards/user_board/init.o
                              0x20b45 (size before relaxing)
 .debug_str     0x00020507       0x13 src/main.o
                              0x20b2d (size before relaxing)

.debug_loc
 *(.debug_loc)

.debug_macinfo
 *(.debug_macinfo)

.debug_pubtypes
 *(.debug_pubtypes)

.debug_ranges   0x00000000       0x20
 *(.debug_ranges)
 .debug_ranges  0x00000000       0x10 src/ASF/common/boards/user_board/init.o
 .debug_ranges  0x00000010       0x10 src/main.o

.debug_macro    0x00000000     0x781e
 *(.debug_macro)
 .debug_macro   0x00000000      0x19a src/ASF/common/boards/user_board/init.o
 .debug_macro   0x0000019a      0x5c2 src/ASF/common/boards/user_board/init.o
 .debug_macro   0x0000075c       0x10 src/ASF/common/boards/user_board/init.o
 .debug_macro   0x0000076c      0x1ad src/ASF/common/boards/user_board/init.o
 .debug_macro   0x00000919      0x293 src/ASF/common/boards/user_board/init.o
 .debug_macro   0x00000bac       0x9e src/ASF/common/boards/user_board/init.o
 .debug_macro   0x00000c4a     0x53b4 src/ASF/common/boards/user_board/init.o
 .debug_macro   0x00005ffe       0x9a src/ASF/common/boards/user_board/init.o
 .debug_macro   0x00006098       0xf1 src/ASF/common/boards/user_board/init.o
 .debug_macro   0x00006189       0x34 src/ASF/common/boards/user_board/init.o
 .debug_macro   0x000061bd       0x18 src/ASF/common/boards/user_board/init.o
 .debug_macro   0x000061d5       0x5e src/ASF/common/boards/user_board/init.o
 .debug_macro   0x00006233       0x10 src/ASF/common/boards/user_board/init.o
 .debug_macro   0x00006243       0x22 src/ASF/common/boards/user_board/init.o
 .debug_macro   0x00006265      0x16c src/ASF/common/boards/user_board/init.o
 .debug_macro   0x000063d1       0x1c src/ASF/common/boards/user_board/init.o
 .debug_macro   0x000063ed       0x35 src/ASF/common/boards/user_board/init.o
 .debug_macro   0x00006422       0x51 src/ASF/common/boards/user_board/init.o
 .debug_macro   0x00006473      0x2bd src/ASF/common/boards/user_board/init.o
 .debug_macro   0x00006730       0x97 src/ASF/common/boards/user_board/init.o
 .debug_macro   0x000067c7       0x17 src/ASF/common/boards/user_board/init.o
 .debug_macro   0x000067de      0x250 src/ASF/common/boards/user_board/init.o
 .debug_macro   0x00006a2e       0x76 src/ASF/common/boards/user_board/init.o
 .debug_macro   0x00006aa4       0x16 src/ASF/common/boards/user_board/init.o
 .debug_macro   0x00006aba      0x6e0 src/ASF/common/boards/user_board/init.o
 .debug_macro   0x0000719a       0x10 src/ASF/common/boards/user_board/init.o
 .debug_macro   0x000071aa      0x160 src/ASF/common/boards/user_board/init.o
 .debug_macro   0x0000730a       0x40 src/ASF/common/boards/user_board/init.o
 .debug_macro   0x0000734a       0x69 src/ASF/common/boards/user_board/init.o
 .debug_macro   0x000073b3       0x32 src/ASF/common/boards/user_board/init.o
 .debug_macro   0x000073e5       0xe4 src/ASF/common/boards/user_board/init.o
 .debug_macro   0x000074c9      0x1bb src/ASF/common/boards/user_board/init.o
 .debug_macro   0x00007684      0x19a src/main.o
OUTPUT(USER_APPLICATION1.elf elf32-avr)
LOAD linker stubs
