Archive member included because of file (symbol)

c:/program files (x86)/atmel/atmel toolchain/avr8 gcc/native/3.4.2.939/avr8-gnu-toolchain/bin/../lib/gcc/avr/4.7.2/avrxmega4\libgcc.a(_udivmodhi4.o)
                              src/ASF/xmega/drivers/usb/usb_device.o (__udivmodhi4)
c:/program files (x86)/atmel/atmel toolchain/avr8 gcc/native/3.4.2.939/avr8-gnu-toolchain/bin/../lib/gcc/avr/4.7.2/avrxmega4\libgcc.a(_exit.o)
                              c:/program files (x86)/atmel/atmel toolchain/avr8 gcc/native/3.4.2.939/avr8-gnu-toolchain/bin/../lib/gcc/avr/4.7.2/../../../../avr/lib/avrxmega4/crtx64a4u.o (exit)
c:/program files (x86)/atmel/atmel toolchain/avr8 gcc/native/3.4.2.939/avr8-gnu-toolchain/bin/../lib/gcc/avr/4.7.2/avrxmega4\libgcc.a(_copy_data.o)
                              src/ASF/common/services/sleepmgr/xmega/sleepmgr.o (__do_copy_data)
c:/program files (x86)/atmel/atmel toolchain/avr8 gcc/native/3.4.2.939/avr8-gnu-toolchain/bin/../lib/gcc/avr/4.7.2/avrxmega4\libgcc.a(_clear_bss.o)
                              src/ASF/common/services/sleepmgr/xmega/sleepmgr.o (__do_clear_bss)
c:/program files (x86)/atmel/atmel toolchain/avr8 gcc/native/3.4.2.939/avr8-gnu-toolchain/bin/../lib/gcc/avr/4.7.2/../../../../avr/lib/avrxmega4\libc.a(memcpy.o)
                              src/ASF/common/services/usb/class/cdc/device/udi_cdc.o (memcpy)
c:/program files (x86)/atmel/atmel toolchain/avr8 gcc/native/3.4.2.939/avr8-gnu-toolchain/bin/../lib/gcc/avr/4.7.2/../../../../avr/lib/avrxmega4\libc.a(fdevopen.o)
                              src/ASF/common/utils/stdio/stdio_usb/stdio_usb.o (fdevopen)
c:/program files (x86)/atmel/atmel toolchain/avr8 gcc/native/3.4.2.939/avr8-gnu-toolchain/bin/../lib/gcc/avr/4.7.2/../../../../avr/lib/avrxmega4\libc.a(iob.o)
                              c:/program files (x86)/atmel/atmel toolchain/avr8 gcc/native/3.4.2.939/avr8-gnu-toolchain/bin/../lib/gcc/avr/4.7.2/../../../../avr/lib/avrxmega4\libc.a(fdevopen.o) (__iob)
c:/program files (x86)/atmel/atmel toolchain/avr8 gcc/native/3.4.2.939/avr8-gnu-toolchain/bin/../lib/gcc/avr/4.7.2/../../../../avr/lib/avrxmega4\libc.a(calloc.o)
                              c:/program files (x86)/atmel/atmel toolchain/avr8 gcc/native/3.4.2.939/avr8-gnu-toolchain/bin/../lib/gcc/avr/4.7.2/../../../../avr/lib/avrxmega4\libc.a(fdevopen.o) (calloc)
c:/program files (x86)/atmel/atmel toolchain/avr8 gcc/native/3.4.2.939/avr8-gnu-toolchain/bin/../lib/gcc/avr/4.7.2/../../../../avr/lib/avrxmega4\libc.a(malloc.o)
                              c:/program files (x86)/atmel/atmel toolchain/avr8 gcc/native/3.4.2.939/avr8-gnu-toolchain/bin/../lib/gcc/avr/4.7.2/../../../../avr/lib/avrxmega4\libc.a(calloc.o) (malloc)
c:/program files (x86)/atmel/atmel toolchain/avr8 gcc/native/3.4.2.939/avr8-gnu-toolchain/bin/../lib/gcc/avr/4.7.2/../../../../avr/lib/avrxmega4\libc.a(memset.o)
                              c:/program files (x86)/atmel/atmel toolchain/avr8 gcc/native/3.4.2.939/avr8-gnu-toolchain/bin/../lib/gcc/avr/4.7.2/../../../../avr/lib/avrxmega4\libc.a(calloc.o) (memset)

Allocating common symbols
Common symbol       size              file

ptr_get             0x2               src/ASF/common/utils/stdio/read.o
__brkval            0x2               c:/program files (x86)/atmel/atmel toolchain/avr8 gcc/native/3.4.2.939/avr8-gnu-toolchain/bin/../lib/gcc/avr/4.7.2/../../../../avr/lib/avrxmega4\libc.a(malloc.o)
ptr_put             0x2               src/ASF/common/utils/stdio/write.o
udd_g_ctrlreq       0x10              src/ASF/xmega/drivers/usb/usb_device.o
stdio_base          0x2               src/ASF/common/utils/stdio/write.o
sleepmgr_locks      0x6               src/ASF/common/services/sleepmgr/xmega/sleepmgr.o
__flp               0x2               c:/program files (x86)/atmel/atmel toolchain/avr8 gcc/native/3.4.2.939/avr8-gnu-toolchain/bin/../lib/gcc/avr/4.7.2/../../../../avr/lib/avrxmega4\libc.a(malloc.o)
__iob               0x6               c:/program files (x86)/atmel/atmel toolchain/avr8 gcc/native/3.4.2.939/avr8-gnu-toolchain/bin/../lib/gcc/avr/4.7.2/../../../../avr/lib/avrxmega4\libc.a(iob.o)

Discarded input sections

 .bss           0x00000000        0x0 c:/program files (x86)/atmel/atmel toolchain/avr8 gcc/native/3.4.2.939/avr8-gnu-toolchain/bin/../lib/gcc/avr/4.7.2/../../../../avr/lib/avrxmega4/crtx64a4u.o
 .group         0x00000000        0x8 src/ASF/common/services/clock/xmega/sysclk.o
 .group         0x00000000        0x8 src/ASF/common/services/clock/xmega/sysclk.o
 .group         0x00000000        0x8 src/ASF/common/services/clock/xmega/sysclk.o
 .group         0x00000000        0x8 src/ASF/common/services/clock/xmega/sysclk.o
 .group         0x00000000        0x8 src/ASF/common/services/clock/xmega/sysclk.o
 .group         0x00000000        0x8 src/ASF/common/services/clock/xmega/sysclk.o
 .group         0x00000000        0x8 src/ASF/common/services/clock/xmega/sysclk.o
[...]
Memory Configuration

Name             Origin             Length             Attributes
text             0x00000000         0x00100000         xr
data             0x00802000         0x0000ffa0         rw !x
eeprom           0x00810000         0x00010000         rw !x
fuse             0x00820000         0x00000400         rw !x
lock             0x00830000         0x00000400         rw !x
signature        0x00840000         0x00000400         rw !x
user_signatures  0x00850000         0x00000400         rw !x
*default*        0x00000000         0xffffffff

Linker script and memory map

LOAD c:/program files (x86)/atmel/atmel toolchain/avr8 gcc/native/3.4.2.939/avr8-gnu-toolchain/bin/../lib/gcc/avr/4.7.2/../../../../avr/lib/avrxmega4/crtx64a4u.o
LOAD src/ASF/common/services/clock/xmega/sysclk.o
LOAD src/ASF/common/services/ioport/xmega/ioport_compat.o
LOAD src/ASF/common/services/sleepmgr/xmega/sleepmgr.o
LOAD src/ASF/common/services/usb/class/cdc/device/udi_cdc.o
LOAD src/ASF/common/services/usb/class/cdc/device/udi_cdc_desc.o
LOAD src/ASF/common/services/usb/udc/udc.o
LOAD src/ASF/common/utils/stdio/read.o
LOAD src/ASF/common/utils/stdio/stdio_usb/stdio_usb.o
LOAD src/ASF/common/utils/stdio/write.o
LOAD src/ASF/xmega/boards/stk600/rc044x/init.o
LOAD src/ASF/xmega/drivers/cpu/ccp.o
LOAD src/ASF/xmega/drivers/nvm/nvm.o
LOAD src/ASF/xmega/drivers/nvm/nvm_asm.o
LOAD src/ASF/xmega/drivers/usb/usb_device.o
LOAD src/main.o
START GROUP
END GROUP
Address of section .BOOT set to 0x10000
LOAD c:/program files (x86)/atmel/atmel toolchain/avr8 gcc/native/3.4.2.939/avr8-gnu-toolchain/bin/../lib/gcc/avr/4.7.2/avrxmega4\libgcc.a
LOAD c:/program files (x86)/atmel/atmel toolchain/avr8 gcc/native/3.4.2.939/avr8-gnu-toolchain/bin/../lib/gcc/avr/4.7.2/../../../../avr/lib/avrxmega4\libc.a
LOAD c:/program files (x86)/atmel/atmel toolchain/avr8 gcc/native/3.4.2.939/avr8-gnu-toolchain/bin/../lib/gcc/avr/4.7.2/avrxmega4\libgcc.a

.hash
 *(.hash)

.dynsym
 *(.dynsym)

.dynstr
 *(.dynstr)

.gnu.version
 *(.gnu.version)

.gnu.version_d
 *(.gnu.version_d)

.gnu.version_r
 *(.gnu.version_r)

.rel.init
 *(.rel.init)

.rela.init
 *(.rela.init)

.rel.text
 *(.rel.text)
 *(.rel.text.*)
 *(.rel.gnu.linkonce.t*)

.rela.text
 *(.rela.text)
 *(.rela.text.*)
 *(.rela.gnu.linkonce.t*)

.rel.fini
 *(.rel.fini)

.rela.fini
 *(.rela.fini)

.rel.rodata
 *(.rel.rodata)
 *(.rel.rodata.*)
 *(.rel.gnu.linkonce.r*)

.rela.rodata
 *(.rela.rodata)
 *(.rela.rodata.*)
 *(.rela.gnu.linkonce.r*)

.rel.data
 *(.rel.data)
 *(.rel.data.*)
 *(.rel.gnu.linkonce.d*)

.rela.data
 *(.rela.data)
 *(.rela.data.*)
 *(.rela.gnu.linkonce.d*)

.rel.ctors
 *(.rel.ctors)

.rela.ctors
 *(.rela.ctors)

.rel.dtors
 *(.rel.dtors)

.rela.dtors
 *(.rela.dtors)

.rel.got
 *(.rel.got)

.rela.got
 *(.rela.got)

.rel.bss
 *(.rel.bss)

.rela.bss
 *(.rela.bss)

.rel.plt
 *(.rel.plt)

.rela.plt
 *(.rela.plt)

.text           0x00000000     0x1abe
 *(.vectors)
 .vectors       0x00000000      0x1fc c:/program files (x86)/atmel/atmel toolchain/avr8 gcc/native/3.4.2.939/avr8-gnu-toolchain/bin/../lib/gcc/avr/4.7.2/../../../../avr/lib/avrxmega4/crtx64a4u.o
                0x00000000                __vector_default
                0x00000000                __vectors
 *(.vectors)
 *(.progmem.gcc*)
 *(.progmem*)
                0x000001fc                . = ALIGN (0x2)
                0x000001fc                __trampolines_start = .
 *(.trampolines)
 .trampolines   0x000001fc        0x0 linker stubs
 *(.trampolines*)
                0x000001fc                __trampolines_end = .
 *(.jumptables)
 *(.jumptables*)
 *(.lowtext)
 *(.lowtext*)
                0x000001fc                __ctors_start = .
 *(.ctors)
                0x000001fc                __ctors_end = .
                0x000001fc                __dtors_start = .
 *(.dtors)
                0x000001fc                __dtors_end = .
 SORT(*)(.ctors)
 SORT(*)(.dtors)
 *(.init0)
 .init0         0x000001fc        0x0 c:/program files (x86)/atmel/atmel toolchain/avr8 gcc/native/3.4.2.939/avr8-gnu-toolchain/bin/../lib/gcc/avr/4.7.2/../../../../avr/lib/avrxmega4/crtx64a4u.o
                0x000001fc                __init
 *(.init0)
 *(.init1)
 *(.init1)
 *(.init2)
 .init2         0x000001fc        0xc c:/program files (x86)/atmel/atmel toolchain/avr8 gcc/native/3.4.2.939/avr8-gnu-toolchain/bin/../lib/gcc/avr/4.7.2/../../../../avr/lib/avrxmega4/crtx64a4u.o
 *(.init2)
 *(.init3)
 *(.init3)
 *(.init4)
 .init4         0x00000208       0x1a c:/program files (x86)/atmel/atmel toolchain/avr8 gcc/native/3.4.2.939/avr8-gnu-toolchain/bin/../lib/gcc/avr/4.7.2/avrxmega4\libgcc.a(_copy_data.o)
                0x00000208                __do_copy_data
 .init4         0x00000222       0x10 c:/program files (x86)/atmel/atmel toolchain/avr8 gcc/native/3.4.2.939/avr8-gnu-toolchain/bin/../lib/gcc/avr/4.7.2/avrxmega4\libgcc.a(_clear_bss.o)
                0x00000222                __do_clear_bss
 *(.init4)
 *(.init5)
 *(.init5)
 *(.init6)
 *(.init6)
 *(.init7)
 *(.init7)
 *(.init8)
 *(.init8)
 *(.init9)
 .init9         0x00000232        0x8 c:/program files (x86)/atmel/atmel toolchain/avr8 gcc/native/3.4.2.939/avr8-gnu-toolchain/bin/../lib/gcc/avr/4.7.2/../../../../avr/lib/avrxmega4/crtx64a4u.o
 *(.init9)
 *(.text)
 .text          0x0000023a        0x2 c:/program files (x86)/atmel/atmel toolchain/avr8 gcc/native/3.4.2.939/avr8-gnu-toolchain/bin/../lib/gcc/avr/4.7.2/../../../../avr/lib/avrxmega4/crtx64a4u.o
                0x0000023a                __vector_38
                0x0000023a                __vector_104
                0x0000023a                __vector_22
                0x0000023a                __vector_63
                0x0000023a                __vector_28
                0x0000023a                __vector_67
                0x0000023a                __vector_1
                0x0000023a                __vector_119
                0x0000023a                __vector_32
                0x0000023a                __vector_75
                0x0000023a                __vector_71
                0x0000023a                __vector_91
                0x0000023a                __vector_34
                0x0000023a                __vector_62
                0x0000023a                __vector_77
                0x0000023a                __vector_102
                0x0000023a                __vector_24
                0x0000023a                __vector_12
                0x0000023a                __vector_55
                0x0000023a                __vector_69
                0x0000023a                __vector_81
                0x0000023a                __vector_90
                0x0000023a                __vector_46
                0x0000023a                __bad_interrupt
                0x0000023a                __vector_122
                0x0000023a                __vector_72
                0x0000023a                __vector_114
                0x0000023a                __vector_6
                0x0000023a                __vector_110
                0x0000023a                __vector_31
                0x0000023a                __vector_92
                0x0000023a                __vector_35
                0x0000023a                __vector_78
                0x0000023a                __vector_74
                0x0000023a                __vector_117
                0x0000023a                __vector_39
                0x0000023a                __vector_107
                0x0000023a                __vector_3
                0x0000023a                __vector_105
                0x0000023a                __vector_98
                0x0000023a                __vector_23
                0x0000023a                __vector_68
                0x0000023a                __vector_30
                0x0000023a                __vector_73
                0x0000023a                __vector_45
                0x0000023a                __vector_25
                0x0000023a                __vector_93
                0x0000023a                __vector_61
                0x0000023a                __vector_11
                0x0000023a                __vector_54
                0x0000023a                __vector_99
                0x0000023a                __vector_13
                0x0000023a                __vector_17
                0x0000023a                __vector_19
                0x0000023a                __vector_56
                0x0000023a                __vector_7
                0x0000023a                __vector_49
                0x0000023a                __vector_123
                0x0000023a                __vector_41
                0x0000023a                __vector_86
                0x0000023a                __vector_100
                0x0000023a                __vector_101
                0x0000023a                __vector_64
                0x0000023a                __vector_88
                0x0000023a                __vector_109
                0x0000023a                __vector_43
                0x0000023a                __vector_27
                0x0000023a                __vector_5
                0x0000023a                __vector_113
                0x0000023a                __vector_33
                0x0000023a                __vector_76
                0x0000023a                __vector_115
                0x0000023a                __vector_47
                0x0000023a                __vector_52
                0x0000023a                __vector_37
                0x0000023a                __vector_95
                0x0000023a                __vector_103
                0x0000023a                __vector_96
                0x0000023a                __vector_89
                0x0000023a                __vector_108
                0x0000023a                __vector_4
                0x0000023a                __vector_44
                0x0000023a                __vector_82
                0x0000023a                __vector_106
                0x0000023a                __vector_118
                0x0000023a                __vector_51
                0x0000023a                __vector_9
                0x0000023a                __vector_2
                0x0000023a                __vector_21
                0x0000023a                __vector_15
                0x0000023a                __vector_66
                0x0000023a                __vector_36
                0x0000023a                __vector_79
                0x0000023a                __vector_58
                0x0000023a                __vector_70
                0x0000023a                __vector_83
                0x0000023a                __vector_29
                0x0000023a                __vector_60
                0x0000023a                __vector_121
                0x0000023a                __vector_40
                0x0000023a                __vector_85
                0x0000023a                __vector_94
                0x0000023a                __vector_8
                0x0000023a                __vector_26
                0x0000023a                __vector_48
                0x0000023a                __vector_124
                0x0000023a                __vector_116
                0x0000023a                __vector_112
                0x0000023a                __vector_111
                0x0000023a                __vector_80
                0x0000023a                __vector_14
                0x0000023a                __vector_84
                0x0000023a                __vector_57
                0x0000023a                __vector_53
                0x0000023a                __vector_10
                0x0000023a                __vector_50
                0x0000023a                __vector_16
                0x0000023a                __vector_59
                0x0000023a                __vector_18
                0x0000023a                __vector_97
                0x0000023a                __vector_20
                0x0000023a                __vector_42
                0x0000023a                __vector_87
                0x0000023a                __vector_65
                0x0000023a                __vector_120
                0x0000023c                . = ALIGN (0x2)
 *(.text.*)
 .text.ioport_configure_port_pin
                0x0000023c       0x50 src/ASF/common/services/ioport/xmega/ioport_compat.o
                0x0000023c                ioport_configure_port_pin
 .text.udi_cdc_comm_enable
                0x0000028c       0x70 src/ASF/common/services/usb/class/cdc/device/udi_cdc.o
                0x0000028c                udi_cdc_comm_enable
 .text.udi_cdc_comm_disable
                0x000002fc        0xc src/ASF/common/services/usb/class/cdc/device/udi_cdc.o
                0x000002fc                udi_cdc_comm_disable
 .text.udi_cdc_data_disable
                0x00000308       0x14 src/ASF/common/services/usb/class/cdc/device/udi_cdc.o
                0x00000308                udi_cdc_data_disable
 .text.udi_cdc_data_setup
                0x0000031c        0x4 src/ASF/common/services/usb/class/cdc/device/udi_cdc.o
                0x0000031c                udi_cdc_data_setup
 .text.udi_cdc_getsetting
                0x00000320        0x4 src/ASF/common/services/usb/class/cdc/device/udi_cdc.o
                0x00000320                udi_cdc_getsetting
 .text.udi_cdc_comm_setup
                0x00000324       0xa0 src/ASF/common/services/usb/class/cdc/device/udi_cdc.o
                0x00000324                udi_cdc_comm_setup
 .text.udi_cdc_line_coding_received
                0x000003c4        0x2 src/ASF/common/services/usb/class/cdc/device/udi_cdc.o
 .text.udi_cdc_tx_send
                0x000003c6      0x156 src/ASF/common/services/usb/class/cdc/device/udi_cdc.o
 .text.udi_cdc_data_sof_notify
                0x0000051c        0x4 src/ASF/common/services/usb/class/cdc/device/udi_cdc.o
                0x0000051c                udi_cdc_data_sof_notify
 .text.udi_cdc_data_sent
                0x00000520       0x30 src/ASF/common/services/usb/class/cdc/device/udi_cdc.o
 .text.udi_cdc_multi_get_nb_received_data
                0x00000550       0x2a src/ASF/common/services/usb/class/cdc/device/udi_cdc.o
                0x00000550                udi_cdc_multi_get_nb_received_data
 .text.udi_cdc_multi_is_rx_ready
                0x0000057a        0xe src/ASF/common/services/usb/class/cdc/device/udi_cdc.o
                0x0000057a                udi_cdc_multi_is_rx_ready
 .text.udi_cdc_rx_start
                0x00000588       0x8c src/ASF/common/services/usb/class/cdc/device/udi_cdc.o
 .text.udi_cdc_data_received
                0x00000614       0x60 src/ASF/common/services/usb/class/cdc/device/udi_cdc.o
 .text.udi_cdc_data_enable
                0x00000674       0x6c src/ASF/common/services/usb/class/cdc/device/udi_cdc.o
                0x00000674                udi_cdc_data_enable
 .text.udc_get_eof_conf
                0x000006e0       0x1c src/ASF/common/services/usb/udc/udc.o
 .text.udc_next_desc_in_iface
                0x000006fc       0x5e src/ASF/common/services/usb/udc/udc.o
 .text.udc_update_iface_desc
                0x0000075a       0x82 src/ASF/common/services/usb/udc/udc.o
 .text.udc_valid_address
                0x000007dc        0x8 src/ASF/common/services/usb/udc/udc.o
 .text.udc_iface_enable
                0x000007e4       0x68 src/ASF/common/services/usb/udc/udc.o
 .text.udc_iface_disable
                0x0000084c       0x82 src/ASF/common/services/usb/udc/udc.o
 .text.udc_reset
                0x000008ce       0x4e src/ASF/common/services/usb/udc/udc.o
                0x000008ce                udc_reset
 .text.udc_sof_notify
                0x0000091c       0x5e src/ASF/common/services/usb/udc/udc.o
                0x0000091c                udc_sof_notify
 .text.udc_process_setup
                0x0000097a      0x4e6 src/ASF/common/services/usb/udc/udc.o
                0x0000097a                udc_process_setup
 .text.board_init
                0x00000e60       0x90 src/ASF/xmega/boards/stk600/rc044x/init.o
                0x00000e60                board_init
 .text.udd_sleep_mode
                0x00000ef0       0x3e src/ASF/xmega/drivers/usb/usb_device.o
 .text.udd_ep_get_ctrl
                0x00000f2e       0x32 src/ASF/xmega/drivers/usb/usb_device.o
 .text.udd_ep_init
                0x00000f60       0x9a src/ASF/xmega/drivers/usb/usb_device.o
 .text.udd_ctrl_init
                0x00000ffa       0x5a src/ASF/xmega/drivers/usb/usb_device.o
 .text.udd_ctrl_stall_data
                0x00001054       0x22 src/ASF/xmega/drivers/usb/usb_device.o
 .text.udd_ctrl_send_zlp_in
                0x00001076       0x22 src/ASF/xmega/drivers/usb/usb_device.o
 .text.udd_ctrl_send_zlp_out
                0x00001098       0x1a src/ASF/xmega/drivers/usb/usb_device.o
 .text.udd_ctrl_endofrequest
                0x000010b2       0x10 src/ASF/xmega/drivers/usb/usb_device.o
 .text.udd_ctrl_in_sent
                0x000010c2       0xd4 src/ASF/xmega/drivers/usb/usb_device.o
 .text.udd_ep_get_size
                0x00001196       0x56 src/ASF/xmega/drivers/usb/usb_device.o
 .text.udd_ep_get_job
                0x000011ec       0x3c src/ASF/xmega/drivers/usb/usb_device.o
 .text.udd_ctrl_interrupt_tc_setup
                0x00001228       0xec src/ASF/xmega/drivers/usb/usb_device.o
 .text.udd_ep_trans_complet
                0x00001314      0x204 src/ASF/xmega/drivers/usb/usb_device.o
 .text.udd_is_high_speed
                0x00001518        0x4 src/ASF/xmega/drivers/usb/usb_device.o
                0x00001518                udd_is_high_speed
 .text.udd_set_address
                0x0000151c        0x6 src/ASF/xmega/drivers/usb/usb_device.o
                0x0000151c                udd_set_address
 .text.udd_getaddress
                0x00001522        0x6 src/ASF/xmega/drivers/usb/usb_device.o
                0x00001522                udd_getaddress
 .text.udd_get_frame_number
                0x00001528        0xe src/ASF/xmega/drivers/usb/usb_device.o
                0x00001528                udd_get_frame_number
 .text.udd_get_micro_frame_number
                0x00001536        0x6 src/ASF/xmega/drivers/usb/usb_device.o
                0x00001536                udd_get_micro_frame_number
 .text.udd_set_setup_payload
                0x0000153c       0x12 src/ASF/xmega/drivers/usb/usb_device.o
                0x0000153c                udd_set_setup_payload
 .text.udd_ep_alloc
                0x0000154e       0x52 src/ASF/xmega/drivers/usb/usb_device.o
                0x0000154e                udd_ep_alloc
 .text.udd_ep_is_halted
                0x000015a0        0xe src/ASF/xmega/drivers/usb/usb_device.o
                0x000015a0                udd_ep_is_halted
 .text.udd_ep_clear_halt
                0x000015ae       0x32 src/ASF/xmega/drivers/usb/usb_device.o
                0x000015ae                udd_ep_clear_halt
 .text.udd_ep_run
                0x000015e0       0xec src/ASF/xmega/drivers/usb/usb_device.o
                0x000015e0                udd_ep_run
 .text.udd_ep_abort
                0x000016cc       0x50 src/ASF/xmega/drivers/usb/usb_device.o
                0x000016cc                udd_ep_abort
 .text.udd_ep_set_halt
                0x0000171c       0x20 src/ASF/xmega/drivers/usb/usb_device.o
                0x0000171c                udd_ep_set_halt
 .text.udd_ep_free
                0x0000173c       0x12 src/ASF/xmega/drivers/usb/usb_device.o
                0x0000173c                udd_ep_free
 .text.__vector_125
                0x0000174e      0x168 src/ASF/xmega/drivers/usb/usb_device.o
                0x0000174e                __vector_125
 .text.__vector_126
                0x000018b6      0x1c2 src/ASF/xmega/drivers/usb/usb_device.o
                0x000018b6                __vector_126
 .text.main     0x00001a78        0x8 src/main.o
                0x00001a78                main
 .text.libgcc.div
                0x00001a80       0x28 c:/program files (x86)/atmel/atmel toolchain/avr8 gcc/native/3.4.2.939/avr8-gnu-toolchain/bin/../lib/gcc/avr/4.7.2/avrxmega4\libgcc.a(_udivmodhi4.o)
                0x00001a80                __udivmodhi4
 .text.avr-libc
                0x00001aa8       0x12 c:/program files (x86)/atmel/atmel toolchain/avr8 gcc/native/3.4.2.939/avr8-gnu-toolchain/bin/../lib/gcc/avr/4.7.2/../../../../avr/lib/avrxmega4\libc.a(memcpy.o)
                0x00001aa8                memcpy
                0x00001aba                . = ALIGN (0x2)
 *(.fini9)
 .fini9         0x00001aba        0x0 c:/program files (x86)/atmel/atmel toolchain/avr8 gcc/native/3.4.2.939/avr8-gnu-toolchain/bin/../lib/gcc/avr/4.7.2/avrxmega4\libgcc.a(_exit.o)
                0x00001aba                _exit
                0x00001aba                exit
 *(.fini9)
 *(.fini8)
 *(.fini8)
 *(.fini7)
 *(.fini7)
 *(.fini6)
 *(.fini6)
 *(.fini5)
 *(.fini5)
 *(.fini4)
 *(.fini4)
 *(.fini3)
 *(.fini3)
 *(.fini2)
 *(.fini2)
 *(.fini1)
 *(.fini1)
 *(.fini0)
 .fini0         0x00001aba        0x4 c:/program files (x86)/atmel/atmel toolchain/avr8 gcc/native/3.4.2.939/avr8-gnu-toolchain/bin/../lib/gcc/avr/4.7.2/avrxmega4\libgcc.a(_exit.o)
 *(.fini0)
                0x00001abe                _etext = .

.data           0x00802000       0x80 load address 0x00001abe
                0x00802000                PROVIDE (__data_start, .)
 *(.data)
 .data          0x00802000        0x0 c:/program files (x86)/atmel/atmel toolchain/avr8 gcc/native/3.4.2.939/avr8-gnu-toolchain/bin/../lib/gcc/avr/4.7.2/../../../../avr/lib/avrxmega4/crtx64a4u.o
 .data          0x00802000        0x0 src/ASF/common/services/clock/xmega/sysclk.o
 .data          0x00802000        0x0 src/ASF/common/services/ioport/xmega/ioport_compat.o
 .data          0x00802000        0x0 src/ASF/common/services/sleepmgr/xmega/sleepmgr.o
 .data          0x00802000        0x0 src/ASF/common/services/usb/class/cdc/device/udi_cdc.o
 .data          0x00802000        0x0 src/ASF/common/services/usb/class/cdc/device/udi_cdc_desc.o
 .data          0x00802000        0x0 src/ASF/common/services/usb/udc/udc.o
 .data          0x00802000        0x0 src/ASF/common/utils/stdio/read.o
 .data          0x00802000        0x0 src/ASF/common/utils/stdio/stdio_usb/stdio_usb.o
 .data          0x00802000        0x0 src/ASF/common/utils/stdio/write.o
 .data          0x00802000        0x0 src/ASF/xmega/boards/stk600/rc044x/init.o
 .data          0x00802000        0x0 src/ASF/xmega/drivers/cpu/ccp.o
 .data          0x00802000        0x0 src/ASF/xmega/drivers/nvm/nvm.o
 .data          0x00802000        0x0 src/ASF/xmega/drivers/nvm/nvm_asm.o
 .data          0x00802000        0x0 src/ASF/xmega/drivers/usb/usb_device.o
 .data          0x00802000        0x0 src/main.o
 .data          0x00802000        0x0 c:/program files (x86)/atmel/atmel toolchain/avr8 gcc/native/3.4.2.939/avr8-gnu-toolchain/bin/../lib/gcc/avr/4.7.2/avrxmega4\libgcc.a(_udivmodhi4.o)
 .data          0x00802000        0x0 c:/program files (x86)/atmel/atmel toolchain/avr8 gcc/native/3.4.2.939/avr8-gnu-toolchain/bin/../lib/gcc/avr/4.7.2/avrxmega4\libgcc.a(_exit.o)
 .data          0x00802000        0x0 c:/program files (x86)/atmel/atmel toolchain/avr8 gcc/native/3.4.2.939/avr8-gnu-toolchain/bin/../lib/gcc/avr/4.7.2/avrxmega4\libgcc.a(_copy_data.o)
 .data          0x00802000        0x0 c:/program files (x86)/atmel/atmel toolchain/avr8 gcc/native/3.4.2.939/avr8-gnu-toolchain/bin/../lib/gcc/avr/4.7.2/avrxmega4\libgcc.a(_clear_bss.o)
 .data          0x00802000        0x0 c:/program files (x86)/atmel/atmel toolchain/avr8 gcc/native/3.4.2.939/avr8-gnu-toolchain/bin/../lib/gcc/avr/4.7.2/../../../../avr/lib/avrxmega4\libc.a(memcpy.o)
 .data          0x00802000        0x0 c:/program files (x86)/atmel/atmel toolchain/avr8 gcc/native/3.4.2.939/avr8-gnu-toolchain/bin/../lib/gcc/avr/4.7.2/../../../../avr/lib/avrxmega4\libc.a(fdevopen.o)
 .data          0x00802000        0x0 c:/program files (x86)/atmel/atmel toolchain/avr8 gcc/native/3.4.2.939/avr8-gnu-toolchain/bin/../lib/gcc/avr/4.7.2/../../../../avr/lib/avrxmega4\libc.a(iob.o)
 .data          0x00802000        0x0 c:/program files (x86)/atmel/atmel toolchain/avr8 gcc/native/3.4.2.939/avr8-gnu-toolchain/bin/../lib/gcc/avr/4.7.2/../../../../avr/lib/avrxmega4\libc.a(calloc.o)
 .data          0x00802000        0x6 c:/program files (x86)/atmel/atmel toolchain/avr8 gcc/native/3.4.2.939/avr8-gnu-toolchain/bin/../lib/gcc/avr/4.7.2/../../../../avr/lib/avrxmega4\libc.a(malloc.o)
                0x00802000                __malloc_heap_end
                0x00802002                __malloc_heap_start
                0x00802004                __malloc_margin
 .data          0x00802006        0x0 c:/program files (x86)/atmel/atmel toolchain/avr8 gcc/native/3.4.2.939/avr8-gnu-toolchain/bin/../lib/gcc/avr/4.7.2/../../../../avr/lib/avrxmega4\libc.a(memset.o)
 *(.data*)
 .data.udi_api_cdc_data
                0x00802006        0xa src/ASF/common/services/usb/class/cdc/device/udi_cdc.o
                0x00802006                udi_api_cdc_data
 .data.udi_api_cdc_comm
                0x00802010        0xa src/ASF/common/services/usb/class/cdc/device/udi_cdc.o
                0x00802010                udi_api_cdc_comm
 .data.udc_config
                0x0080201a        0x4 src/ASF/common/services/usb/class/cdc/device/udi_cdc_desc.o
                0x0080201a                udc_config
 .data.udc_config_fs
                0x0080201e        0x4 src/ASF/common/services/usb/class/cdc/device/udi_cdc_desc.o
                0x0080201e                udc_config_fs
 .data.udi_apis
                0x00802022        0x4 src/ASF/common/services/usb/class/cdc/device/udi_cdc_desc.o
                0x00802022                udi_apis
 .data.udc_desc_fs
                0x00802026       0x44 src/ASF/common/services/usb/class/cdc/device/udi_cdc_desc.o
                0x00802026                udc_desc_fs
 .data.udc_device_desc
                0x0080206a       0x12 src/ASF/common/services/usb/class/cdc/device/udi_cdc_desc.o
                0x0080206a                udc_device_desc
 .data.udc_string_desc_languageid
                0x0080207c        0x4 src/ASF/common/services/usb/udc/udc.o
 *(.rodata)
 *(.rodata*)
 *(.gnu.linkonce.d*)
                0x00802080                . = ALIGN (0x2)
                0x00802080                _edata = .
                0x00802080                PROVIDE (__data_end, .)

.bss            0x00802080      0x276
                0x00802080                PROVIDE (__bss_start, .)
 *(.bss)
 *(.bss*)
 .bss.udi_cdc_tx_both_buf_to_send
                0x00802080        0x1 src/ASF/common/services/usb/class/cdc/device/udi_cdc.o
 .bss.udi_cdc_tx_trans_ongoing
                0x00802081        0x1 src/ASF/common/services/usb/class/cdc/device/udi_cdc.o
 .bss.udi_cdc_tx_buf_sel
                0x00802082        0x1 src/ASF/common/services/usb/class/cdc/device/udi_cdc.o
 .bss.udi_cdc_rx_trans_ongoing
                0x00802083        0x1 src/ASF/common/services/usb/class/cdc/device/udi_cdc.o
 .bss.udi_cdc_rx_pos
                0x00802084        0x2 src/ASF/common/services/usb/class/cdc/device/udi_cdc.o
 .bss.udi_cdc_rx_buf_sel
                0x00802086        0x1 src/ASF/common/services/usb/class/cdc/device/udi_cdc.o
 .bss.udi_cdc_data_running
                0x00802087        0x1 src/ASF/common/services/usb/class/cdc/device/udi_cdc.o
 .bss.udi_cdc_nb_data_enabled
                0x00802088        0x1 src/ASF/common/services/usb/class/cdc/device/udi_cdc.o
 .bss.udi_cdc_nb_comm_enabled
                0x00802089        0x1 src/ASF/common/services/usb/class/cdc/device/udi_cdc.o
 .bss.udi_cdc_state
                0x0080208a        0x2 src/ASF/common/services/usb/class/cdc/device/udi_cdc.o
 .bss.uid_cdc_state_msg
                0x0080208c        0xa src/ASF/common/services/usb/class/cdc/device/udi_cdc.o
 .bss.udi_cdc_line_coding
                0x00802096        0x7 src/ASF/common/services/usb/class/cdc/device/udi_cdc.o
 .bss.udi_cdc_tx_buf_nb
                0x0080209d        0x4 src/ASF/common/services/usb/class/cdc/device/udi_cdc.o
 .bss.udi_cdc_tx_sof_num
                0x008020a1        0x2 src/ASF/common/services/usb/class/cdc/device/udi_cdc.o
 .bss.udi_cdc_rx_buf_nb
                0x008020a3        0x4 src/ASF/common/services/usb/class/cdc/device/udi_cdc.o
 .bss.sof_zlp_counter.4640
                0x008020a7        0x2 src/ASF/common/services/usb/class/cdc/device/udi_cdc.o
 *fill*         0x008020a9        0x1 
 .bss.udi_cdc_tx_buf
                0x008020aa       0x80 src/ASF/common/services/usb/class/cdc/device/udi_cdc.o
 .bss.udi_cdc_rx_buf
                0x0080212a       0x80 src/ASF/common/services/usb/class/cdc/device/udi_cdc.o
 .bss.udc_ptr_iface
                0x008021aa        0x2 src/ASF/common/services/usb/udc/udc.o
 .bss.udc_num_configuration
                0x008021ac        0x1 src/ASF/common/services/usb/udc/udc.o
 .bss.udc_ptr_conf
                0x008021ad        0x2 src/ASF/common/services/usb/udc/udc.o
 .bss.udc_device_status
                0x008021af        0x2 src/ASF/common/services/usb/udc/udc.o
 .bss.udc_iface_setting.4400
                0x008021b1        0x1 src/ASF/common/services/usb/udc/udc.o
 .bss.udc_ep_status.4344
                0x008021b2        0x2 src/ASF/common/services/usb/udc/udc.o
 .bss.udd_sram  0x008021b4       0x40 src/ASF/xmega/drivers/usb/usb_device.o
 .bss.udd_ep_job
                0x008021f4       0x24 src/ASF/xmega/drivers/usb/usb_device.o
 .bss.udd_b_idle
                0x00802218        0x1 src/ASF/xmega/drivers/usb/usb_device.o
 .bss.udd_ep_out_cache_buffer
                0x00802219       0x80 src/ASF/xmega/drivers/usb/usb_device.o
 .bss.udd_ctrl_buffer
                0x00802299       0x40 src/ASF/xmega/drivers/usb/usb_device.o
 .bss.udd_ep_control_state
                0x008022d9        0x2 src/ASF/xmega/drivers/usb/usb_device.o
 .bss.udd_ctrl_prev_payload_nb_trans
                0x008022db        0x2 src/ASF/xmega/drivers/usb/usb_device.o
 .bss.udd_ctrl_payload_nb_trans
                0x008022dd        0x2 src/ASF/xmega/drivers/usb/usb_device.o
 .bss.b_shortpacket.5052
                0x008022df        0x1 src/ASF/xmega/drivers/usb/usb_device.o
 *(COMMON)
 COMMON         0x008022e0        0x6 src/ASF/common/services/sleepmgr/xmega/sleepmgr.o
                0x008022e0                sleepmgr_locks
 COMMON         0x008022e6       0x10 src/ASF/xmega/drivers/usb/usb_device.o
                0x008022e6                udd_g_ctrlreq
                0x008022f6                PROVIDE (__bss_end, .)
                0x00001abe                __data_load_start = LOADADDR (.data)
                0x00001b3e                __data_load_end = (__data_load_start + SIZEOF (.data))

.noinit         0x008022f6        0x0
                0x008022f6                PROVIDE (__noinit_start, .)
 *(.noinit*)
                0x008022f6                PROVIDE (__noinit_end, .)
                0x008022f6                _end = .
                0x008022f6                PROVIDE (__heap_start, .)

.eeprom         0x00810000        0x0
 *(.eeprom*)
                0x00810000                __eeprom_end = .

.fuse
 *(.fuse)
 *(.lfuse)
 *(.hfuse)
 *(.efuse)

.lock
 *(.lock*)

.signature
 *(.signature*)

.user_signatures
 *(.user_signatures*)

.stab           0x00000000      0x7bc
 *(.stab)
 .stab          0x00000000      0x6cc c:/program files (x86)/atmel/atmel toolchain/avr8 gcc/native/3.4.2.939/avr8-gnu-toolchain/bin/../lib/gcc/avr/4.7.2/../../../../avr/lib/avrxmega4/crtx64a4u.o
 .stab          0x000006cc       0x84 c:/program files (x86)/atmel/atmel toolchain/avr8 gcc/native/3.4.2.939/avr8-gnu-toolchain/bin/../lib/gcc/avr/4.7.2/../../../../avr/lib/avrxmega4\libc.a(memcpy.o)
                                 0x90 (size before relaxing)
 .stab          0x00000750       0x6c c:/program files (x86)/atmel/atmel toolchain/avr8 gcc/native/3.4.2.939/avr8-gnu-toolchain/bin/../lib/gcc/avr/4.7.2/../../../../avr/lib/avrxmega4\libc.a(memset.o)
                                 0x78 (size before relaxing)

.stabstr        0x00000000      0x17f
 *(.stabstr)
 .stabstr       0x00000000      0x17f c:/program files (x86)/atmel/atmel toolchain/avr8 gcc/native/3.4.2.939/avr8-gnu-toolchain/bin/../lib/gcc/avr/4.7.2/../../../../avr/lib/avrxmega4/crtx64a4u.o

.stab.excl
 *(.stab.excl)

.stab.exclstr
 *(.stab.exclstr)

.stab.index
 *(.stab.index)

.stab.indexstr
 *(.stab.indexstr)

.comment        0x00000000       0x2f
 *(.comment)
 .comment       0x00000000       0x2f src/ASF/common/services/clock/xmega/sysclk.o
                                 0x30 (size before relaxing)
 .comment       0x00000000       0x30 src/ASF/common/services/ioport/xmega/ioport_compat.o
 .comment       0x00000000       0x30 src/ASF/common/services/sleepmgr/xmega/sleepmgr.o
 .comment       0x00000000       0x30 src/ASF/common/services/usb/class/cdc/device/udi_cdc.o
 .comment       0x00000000       0x30 src/ASF/common/services/usb/class/cdc/device/udi_cdc_desc.o
 .comment       0x00000000       0x30 src/ASF/common/services/usb/udc/udc.o
 .comment       0x00000000       0x30 src/ASF/common/utils/stdio/read.o
 .comment       0x00000000       0x30 src/ASF/common/utils/stdio/stdio_usb/stdio_usb.o
 .comment       0x00000000       0x30 src/ASF/common/utils/stdio/write.o
 .comment       0x00000000       0x30 src/ASF/xmega/boards/stk600/rc044x/init.o
 .comment       0x00000000       0x30 src/ASF/xmega/drivers/nvm/nvm.o
 .comment       0x00000000       0x30 src/ASF/xmega/drivers/usb/usb_device.o
 .comment       0x00000000       0x30 src/main.o
 .comment       0x00000000       0x30 c:/program files (x86)/atmel/atmel toolchain/avr8 gcc/native/3.4.2.939/avr8-gnu-toolchain/bin/../lib/gcc/avr/4.7.2/../../../../avr/lib/avrxmega4\libc.a(fdevopen.o)
 .comment       0x00000000       0x30 c:/program files (x86)/atmel/atmel toolchain/avr8 gcc/native/3.4.2.939/avr8-gnu-toolchain/bin/../lib/gcc/avr/4.7.2/../../../../avr/lib/avrxmega4\libc.a(iob.o)
 .comment       0x00000000       0x30 c:/program files (x86)/atmel/atmel toolchain/avr8 gcc/native/3.4.2.939/avr8-gnu-toolchain/bin/../lib/gcc/avr/4.7.2/../../../../avr/lib/avrxmega4\libc.a(calloc.o)
 .comment       0x00000000       0x30 c:/program files (x86)/atmel/atmel toolchain/avr8 gcc/native/3.4.2.939/avr8-gnu-toolchain/bin/../lib/gcc/avr/4.7.2/../../../../avr/lib/avrxmega4\libc.a(malloc.o)

.debug
 *(.debug)

.line
 *(.line)

.debug_srcinfo
 *(.debug_srcinfo)

.debug_sfnames
 *(.debug_sfnames)

.debug_aranges  0x00000000      0x5f0
 *(.debug_aranges)
 .debug_aranges
                0x00000000       0x40 src/ASF/common/services/clock/xmega/sysclk.o
 .debug_aranges
                0x00000040       0x20 src/ASF/common/services/ioport/xmega/ioport_compat.o
 .debug_aranges
                0x00000060       0x18 src/ASF/common/services/sleepmgr/xmega/sleepmgr.o
 .debug_aranges
                0x00000078      0x168 src/ASF/common/services/usb/class/cdc/device/udi_cdc.o
 .debug_aranges
                0x000001e0       0x18 src/ASF/common/services/usb/class/cdc/device/udi_cdc_desc.o
 .debug_aranges
                0x000001f8       0x78 src/ASF/common/services/usb/udc/udc.o
 .debug_aranges
                0x00000270       0x20 src/ASF/common/utils/stdio/read.o
 .debug_aranges
                0x00000290       0x40 src/ASF/common/utils/stdio/stdio_usb/stdio_usb.o
 .debug_aranges
                0x000002d0       0x20 src/ASF/common/utils/stdio/write.o
 .debug_aranges
                0x000002f0       0x20 src/ASF/xmega/boards/stk600/rc044x/init.o
 .debug_aranges
                0x00000310       0x20 src/ASF/xmega/drivers/cpu/ccp.o
 .debug_aranges
                0x00000330       0xc0 src/ASF/xmega/drivers/nvm/nvm.o
 .debug_aranges
                0x000003f0       0x28 src/ASF/xmega/drivers/nvm/nvm_asm.o
 .debug_aranges
                0x00000418      0x138 src/ASF/xmega/drivers/usb/usb_device.o
 .debug_aranges
                0x00000550       0x20 src/main.o
 .debug_aranges
                0x00000570       0x20 c:/program files (x86)/atmel/atmel toolchain/avr8 gcc/native/3.4.2.939/avr8-gnu-toolchain/bin/../lib/gcc/avr/4.7.2/../../../../avr/lib/avrxmega4\libc.a(fdevopen.o)
 .debug_aranges
                0x00000590       0x18 c:/program files (x86)/atmel/atmel toolchain/avr8 gcc/native/3.4.2.939/avr8-gnu-toolchain/bin/../lib/gcc/avr/4.7.2/../../../../avr/lib/avrxmega4\libc.a(iob.o)
 .debug_aranges
                0x000005a8       0x20 c:/program files (x86)/atmel/atmel toolchain/avr8 gcc/native/3.4.2.939/avr8-gnu-toolchain/bin/../lib/gcc/avr/4.7.2/../../../../avr/lib/avrxmega4\libc.a(calloc.o)
 .debug_aranges
                0x000005c8       0x28 c:/program files (x86)/atmel/atmel toolchain/avr8 gcc/native/3.4.2.939/avr8-gnu-toolchain/bin/../lib/gcc/avr/4.7.2/../../../../avr/lib/avrxmega4\libc.a(malloc.o)

.debug_pubnames
 *(.debug_pubnames)

.debug_info     0x00000000     0x7d7d
 *(.debug_info)
 .debug_info    0x00000000      0x70f src/ASF/common/services/clock/xmega/sysclk.o
 .debug_info    0x0000070f      0x11d src/ASF/common/services/ioport/xmega/ioport_compat.o
 .debug_info    0x0000082c      0x121 src/ASF/common/services/sleepmgr/xmega/sleepmgr.o
 .debug_info    0x0000094d     0x178e src/ASF/common/services/usb/class/cdc/device/udi_cdc.o
 .debug_info    0x000020db      0x74a src/ASF/common/services/usb/class/cdc/device/udi_cdc_desc.o
 .debug_info    0x00002825     0x107b src/ASF/common/services/usb/udc/udc.o
 .debug_info    0x000038a0      0x119 src/ASF/common/utils/stdio/read.o
 .debug_info    0x000039b9      0x30d src/ASF/common/utils/stdio/stdio_usb/stdio_usb.o
 .debug_info    0x00003cc6      0x119 src/ASF/common/utils/stdio/write.o
 .debug_info    0x00003ddf      0x6a8 src/ASF/xmega/boards/stk600/rc044x/init.o
 .debug_info    0x00004487       0xa9 src/ASF/xmega/drivers/cpu/ccp.o
 .debug_info    0x00004530     0x1384 src/ASF/xmega/drivers/nvm/nvm.o
 .debug_info    0x000058b4       0xa9 src/ASF/xmega/drivers/nvm/nvm_asm.o
 .debug_info    0x0000595d     0x1c90 src/ASF/xmega/drivers/usb/usb_device.o
 .debug_info    0x000075ed      0x123 src/main.o
 .debug_info    0x00007710      0x1d7 c:/program files (x86)/atmel/atmel toolchain/avr8 gcc/native/3.4.2.939/avr8-gnu-toolchain/bin/../lib/gcc/avr/4.7.2/../../../../avr/lib/avrxmega4\libc.a(fdevopen.o)
 .debug_info    0x000078e7      0x14e c:/program files (x86)/atmel/atmel toolchain/avr8 gcc/native/3.4.2.939/avr8-gnu-toolchain/bin/../lib/gcc/avr/4.7.2/../../../../avr/lib/avrxmega4\libc.a(iob.o)
 .debug_info    0x00007a35      0x10b c:/program files (x86)/atmel/atmel toolchain/avr8 gcc/native/3.4.2.939/avr8-gnu-toolchain/bin/../lib/gcc/avr/4.7.2/../../../../avr/lib/avrxmega4\libc.a(calloc.o)
 .debug_info    0x00007b40      0x23d c:/program files (x86)/atmel/atmel toolchain/avr8 gcc/native/3.4.2.939/avr8-gnu-toolchain/bin/../lib/gcc/avr/4.7.2/../../../../avr/lib/avrxmega4\libc.a(malloc.o)
 *(.gnu.linkonce.wi.*)

.debug_abbrev   0x00000000     0x1e45
 *(.debug_abbrev)
 .debug_abbrev  0x00000000      0x25b src/ASF/common/services/clock/xmega/sysclk.o
 .debug_abbrev  0x0000025b       0x93 src/ASF/common/services/ioport/xmega/ioport_compat.o
 .debug_abbrev  0x000002ee       0x80 src/ASF/common/services/sleepmgr/xmega/sleepmgr.o
 .debug_abbrev  0x0000036e      0x390 src/ASF/common/services/usb/class/cdc/device/udi_cdc.o
 .debug_abbrev  0x000006fe       0xef src/ASF/common/services/usb/class/cdc/device/udi_cdc_desc.o
 .debug_abbrev  0x000007ed      0x3b0 src/ASF/common/services/usb/udc/udc.o
 .debug_abbrev  0x00000b9d       0xc5 src/ASF/common/utils/stdio/read.o
 .debug_abbrev  0x00000c62      0x1dd src/ASF/common/utils/stdio/stdio_usb/stdio_usb.o
 .debug_abbrev  0x00000e3f       0xa7 src/ASF/common/utils/stdio/write.o
 .debug_abbrev  0x00000ee6      0x160 src/ASF/xmega/boards/stk600/rc044x/init.o
 .debug_abbrev  0x00001046       0x14 src/ASF/xmega/drivers/cpu/ccp.o
 .debug_abbrev  0x0000105a      0x3ec src/ASF/xmega/drivers/nvm/nvm.o
 .debug_abbrev  0x00001446       0x12 src/ASF/xmega/drivers/nvm/nvm_asm.o
 .debug_abbrev  0x00001458      0x596 src/ASF/xmega/drivers/usb/usb_device.o
 .debug_abbrev  0x000019ee       0xab src/main.o
 .debug_abbrev  0x00001a99      0x127 c:/program files (x86)/atmel/atmel toolchain/avr8 gcc/native/3.4.2.939/avr8-gnu-toolchain/bin/../lib/gcc/avr/4.7.2/../../../../avr/lib/avrxmega4\libc.a(fdevopen.o)
 .debug_abbrev  0x00001bc0       0xc1 c:/program files (x86)/atmel/atmel toolchain/avr8 gcc/native/3.4.2.939/avr8-gnu-toolchain/bin/../lib/gcc/avr/4.7.2/../../../../avr/lib/avrxmega4\libc.a(iob.o)
 .debug_abbrev  0x00001c81       0xcb c:/program files (x86)/atmel/atmel toolchain/avr8 gcc/native/3.4.2.939/avr8-gnu-toolchain/bin/../lib/gcc/avr/4.7.2/../../../../avr/lib/avrxmega4\libc.a(calloc.o)
 .debug_abbrev  0x00001d4c       0xf9 c:/program files (x86)/atmel/atmel toolchain/avr8 gcc/native/3.4.2.939/avr8-gnu-toolchain/bin/../lib/gcc/avr/4.7.2/../../../../avr/lib/avrxmega4\libc.a(malloc.o)

.debug_line     0x00000000     0x71a0
 *(.debug_line)
 .debug_line    0x00000000      0x61e src/ASF/common/services/clock/xmega/sysclk.o
 .debug_line    0x0000061e      0x4d2 src/ASF/common/services/ioport/xmega/ioport_compat.o
 .debug_line    0x00000af0      0x479 src/ASF/common/services/sleepmgr/xmega/sleepmgr.o
 .debug_line    0x00000f69      0xe9e src/ASF/common/services/usb/class/cdc/device/udi_cdc.o
 .debug_line    0x00001e07      0x4ea src/ASF/common/services/usb/class/cdc/device/udi_cdc_desc.o
 .debug_line    0x000022f1      0xb03 src/ASF/common/services/usb/udc/udc.o
 .debug_line    0x00002df4      0x3f6 src/ASF/common/utils/stdio/read.o
 .debug_line    0x000031ea      0x5fe src/ASF/common/utils/stdio/stdio_usb/stdio_usb.o
 .debug_line    0x000037e8      0x3fd src/ASF/common/utils/stdio/write.o
 .debug_line    0x00003be5      0x4f5 src/ASF/xmega/boards/stk600/rc044x/init.o
 .debug_line    0x000040da       0x6e src/ASF/xmega/drivers/cpu/ccp.o
 .debug_line    0x00004148      0xbd2 src/ASF/xmega/drivers/nvm/nvm.o
 .debug_line    0x00004d1a      0x11f src/ASF/xmega/drivers/nvm/nvm_asm.o
 .debug_line    0x00004e39     0x149f src/ASF/xmega/drivers/usb/usb_device.o
 .debug_line    0x000062d8      0x897 src/main.o
 .debug_line    0x00006b6f      0x1b3 c:/program files (x86)/atmel/atmel toolchain/avr8 gcc/native/3.4.2.939/avr8-gnu-toolchain/bin/../lib/gcc/avr/4.7.2/../../../../avr/lib/avrxmega4\libc.a(fdevopen.o)
 .debug_line    0x00006d22       0xeb c:/program files (x86)/atmel/atmel toolchain/avr8 gcc/native/3.4.2.939/avr8-gnu-toolchain/bin/../lib/gcc/avr/4.7.2/../../../../avr/lib/avrxmega4\libc.a(iob.o)
 .debug_line    0x00006e0d      0x185 c:/program files (x86)/atmel/atmel toolchain/avr8 gcc/native/3.4.2.939/avr8-gnu-toolchain/bin/../lib/gcc/avr/4.7.2/../../../../avr/lib/avrxmega4\libc.a(calloc.o)
 .debug_line    0x00006f92      0x20e c:/program files (x86)/atmel/atmel toolchain/avr8 gcc/native/3.4.2.939/avr8-gnu-toolchain/bin/../lib/gcc/avr/4.7.2/../../../../avr/lib/avrxmega4\libc.a(malloc.o)

.debug_frame    0x00000000      0xed0
 *(.debug_frame)
 .debug_frame   0x00000000       0x64 src/ASF/common/services/clock/xmega/sysclk.o
 .debug_frame   0x00000064       0x30 src/ASF/common/services/ioport/xmega/ioport_compat.o
 .debug_frame   0x00000094      0x380 src/ASF/common/services/usb/class/cdc/device/udi_cdc.o
 .debug_frame   0x00000414      0x148 src/ASF/common/services/usb/udc/udc.o
 .debug_frame   0x0000055c       0x34 src/ASF/common/utils/stdio/read.o
 .debug_frame   0x00000590       0x70 src/ASF/common/utils/stdio/stdio_usb/stdio_usb.o
 .debug_frame   0x00000600       0x24 src/ASF/common/utils/stdio/write.o
 .debug_frame   0x00000624       0x24 src/ASF/xmega/boards/stk600/rc044x/init.o
 .debug_frame   0x00000648      0x354 src/ASF/xmega/drivers/nvm/nvm.o
 .debug_frame   0x0000099c      0x438 src/ASF/xmega/drivers/usb/usb_device.o
 .debug_frame   0x00000dd4       0x24 src/main.o
 .debug_frame   0x00000df8       0x38 c:/program files (x86)/atmel/atmel toolchain/avr8 gcc/native/3.4.2.939/avr8-gnu-toolchain/bin/../lib/gcc/avr/4.7.2/../../../../avr/lib/avrxmega4\libc.a(fdevopen.o)
 .debug_frame   0x00000e30       0x38 c:/program files (x86)/atmel/atmel toolchain/avr8 gcc/native/3.4.2.939/avr8-gnu-toolchain/bin/../lib/gcc/avr/4.7.2/../../../../avr/lib/avrxmega4\libc.a(calloc.o)
 .debug_frame   0x00000e68       0x68 c:/program files (x86)/atmel/atmel toolchain/avr8 gcc/native/3.4.2.939/avr8-gnu-toolchain/bin/../lib/gcc/avr/4.7.2/../../../../avr/lib/avrxmega4\libc.a(malloc.o)

.debug_str      0x00000000    0x2c36c
 *(.debug_str)
 .debug_str     0x00000000    0x21607 src/ASF/common/services/clock/xmega/sysclk.o
                              0x21de7 (size before relaxing)
 .debug_str     0x00021607      0x67d src/ASF/common/services/ioport/xmega/ioport_compat.o
                              0x20c59 (size before relaxing)
 .debug_str     0x00021c84      0x4a2 src/ASF/common/services/sleepmgr/xmega/sleepmgr.o
                              0x20a9c (size before relaxing)
 .debug_str     0x00022126     0x46a2 src/ASF/common/services/usb/class/cdc/device/udi_cdc.o
                              0x24d2d (size before relaxing)
 .debug_str     0x000267c8      0x584 src/ASF/common/services/usb/class/cdc/device/udi_cdc_desc.o
                              0x2435f (size before relaxing)
 .debug_str     0x00026d4c      0x743 src/ASF/common/services/usb/udc/udc.o
                              0x2344b (size before relaxing)
 .debug_str     0x0002748f       0x38 src/ASF/common/utils/stdio/read.o
                              0x2060c (size before relaxing)
 .debug_str     0x000274c7      0x574 src/ASF/common/utils/stdio/stdio_usb/stdio_usb.o
                              0x2435b (size before relaxing)
 .debug_str     0x00027a3b       0x2d src/ASF/common/utils/stdio/write.o
                              0x2060e (size before relaxing)
 .debug_str     0x00027a68      0x1c1 src/ASF/xmega/boards/stk600/rc044x/init.o
                              0x21676 (size before relaxing)
 .debug_str     0x00027c29      0x959 src/ASF/xmega/drivers/nvm/nvm.o
                              0x211c9 (size before relaxing)
 .debug_str     0x00028582     0x373a src/ASF/xmega/drivers/usb/usb_device.o
                              0x28116 (size before relaxing)
 .debug_str     0x0002bcbc      0x47f src/main.o
                              0x2641d (size before relaxing)
 .debug_str     0x0002c13b       0x72 c:/program files (x86)/atmel/atmel toolchain/avr8 gcc/native/3.4.2.939/avr8-gnu-toolchain/bin/../lib/gcc/avr/4.7.2/../../../../avr/lib/avrxmega4\libc.a(fdevopen.o)
                                0x120 (size before relaxing)
 .debug_str     0x0002c1ad       0x60 c:/program files (x86)/atmel/atmel toolchain/avr8 gcc/native/3.4.2.939/avr8-gnu-toolchain/bin/../lib/gcc/avr/4.7.2/../../../../avr/lib/avrxmega4\libc.a(iob.o)
                                0x10d (size before relaxing)
 .debug_str     0x0002c20d       0x77 c:/program files (x86)/atmel/atmel toolchain/avr8 gcc/native/3.4.2.939/avr8-gnu-toolchain/bin/../lib/gcc/avr/4.7.2/../../../../avr/lib/avrxmega4\libc.a(calloc.o)
                                 0xb5 (size before relaxing)
 .debug_str     0x0002c284       0xe8 c:/program files (x86)/atmel/atmel toolchain/avr8 gcc/native/3.4.2.939/avr8-gnu-toolchain/bin/../lib/gcc/avr/4.7.2/../../../../avr/lib/avrxmega4\libc.a(malloc.o)
                                0x17c (size before relaxing)

.debug_loc      0x00000000     0x41b2
 *(.debug_loc)
 .debug_loc     0x00000000      0x22e src/ASF/common/services/clock/xmega/sysclk.o
 .debug_loc     0x0000022e       0x43 src/ASF/common/services/ioport/xmega/ioport_compat.o
 .debug_loc     0x00000271      0xded src/ASF/common/services/usb/class/cdc/device/udi_cdc.o
 .debug_loc     0x0000105e      0x678 src/ASF/common/services/usb/udc/udc.o
 .debug_loc     0x000016d6       0x6e src/ASF/common/utils/stdio/read.o
 .debug_loc     0x00001744      0x109 src/ASF/common/utils/stdio/stdio_usb/stdio_usb.o
 .debug_loc     0x0000184d       0x52 src/ASF/common/utils/stdio/write.o
 .debug_loc     0x0000189f     0x1128 src/ASF/xmega/drivers/nvm/nvm.o
 .debug_loc     0x000029c7     0x1139 src/ASF/xmega/drivers/usb/usb_device.o
 .debug_loc     0x00003b00       0xfd c:/program files (x86)/atmel/atmel toolchain/avr8 gcc/native/3.4.2.939/avr8-gnu-toolchain/bin/../lib/gcc/avr/4.7.2/../../../../avr/lib/avrxmega4\libc.a(fdevopen.o)
 .debug_loc     0x00003bfd       0xbd c:/program files (x86)/atmel/atmel toolchain/avr8 gcc/native/3.4.2.939/avr8-gnu-toolchain/bin/../lib/gcc/avr/4.7.2/../../../../avr/lib/avrxmega4\libc.a(calloc.o)
 .debug_loc     0x00003cba      0x4f8 c:/program files (x86)/atmel/atmel toolchain/avr8 gcc/native/3.4.2.939/avr8-gnu-toolchain/bin/../lib/gcc/avr/4.7.2/../../../../avr/lib/avrxmega4\libc.a(malloc.o)

.debug_macinfo
 *(.debug_macinfo)

.debug_pubtypes
 *(.debug_pubtypes)

.debug_ranges   0x00000000      0x518
 *(.debug_ranges)
 .debug_ranges  0x00000000       0x30 src/ASF/common/services/clock/xmega/sysclk.o
 .debug_ranges  0x00000030       0x10 src/ASF/common/services/ioport/xmega/ioport_compat.o
 .debug_ranges  0x00000040      0x158 src/ASF/common/services/usb/class/cdc/device/udi_cdc.o
 .debug_ranges  0x00000198       0xb0 src/ASF/common/services/usb/udc/udc.o
 .debug_ranges  0x00000248       0x10 src/ASF/common/utils/stdio/read.o
 .debug_ranges  0x00000258       0x30 src/ASF/common/utils/stdio/stdio_usb/stdio_usb.o
 .debug_ranges  0x00000288       0x10 src/ASF/common/utils/stdio/write.o
 .debug_ranges  0x00000298       0x10 src/ASF/xmega/boards/stk600/rc044x/init.o
 .debug_ranges  0x000002a8       0xc8 src/ASF/xmega/drivers/nvm/nvm.o
 .debug_ranges  0x00000370       0x20 src/ASF/xmega/drivers/nvm/nvm_asm.o
 .debug_ranges  0x00000390      0x140 src/ASF/xmega/drivers/usb/usb_device.o
 .debug_ranges  0x000004d0       0x10 src/main.o
 .debug_ranges  0x000004e0       0x10 c:/program files (x86)/atmel/atmel toolchain/avr8 gcc/native/3.4.2.939/avr8-gnu-toolchain/bin/../lib/gcc/avr/4.7.2/../../../../avr/lib/avrxmega4\libc.a(fdevopen.o)
 .debug_ranges  0x000004f0       0x10 c:/program files (x86)/atmel/atmel toolchain/avr8 gcc/native/3.4.2.939/avr8-gnu-toolchain/bin/../lib/gcc/avr/4.7.2/../../../../avr/lib/avrxmega4\libc.a(calloc.o)
 .debug_ranges  0x00000500       0x18 c:/program files (x86)/atmel/atmel toolchain/avr8 gcc/native/3.4.2.939/avr8-gnu-toolchain/bin/../lib/gcc/avr/4.7.2/../../../../avr/lib/avrxmega4\libc.a(malloc.o)

.debug_macro    0x00000000     0xa431
 *(.debug_macro)
 .debug_macro   0x00000000      0x1d1 src/ASF/common/services/clock/xmega/sysclk.o
 .debug_macro   0x000001d1      0x5c8 src/ASF/common/services/clock/xmega/sysclk.o
 .debug_macro   0x00000799       0x10 src/ASF/common/services/clock/xmega/sysclk.o
 .debug_macro   0x000007a9      0x1ad src/ASF/common/services/clock/xmega/sysclk.o
 .debug_macro   0x00000956      0x293 src/ASF/common/services/clock/xmega/sysclk.o
 .debug_macro   0x00000be9       0x9e src/ASF/common/services/clock/xmega/sysclk.o
 .debug_macro   0x00000c87     0x53b4 src/ASF/common/services/clock/xmega/sysclk.o
 .debug_macro   0x0000603b       0x9a src/ASF/common/services/clock/xmega/sysclk.o
 .debug_macro   0x000060d5       0xf1 src/ASF/common/services/clock/xmega/sysclk.o
 .debug_macro   0x000061c6       0x34 src/ASF/common/services/clock/xmega/sysclk.o
 .debug_macro   0x000061fa       0x18 src/ASF/common/services/clock/xmega/sysclk.o
 .debug_macro   0x00006212       0x5e src/ASF/common/services/clock/xmega/sysclk.o
 .debug_macro   0x00006270       0x10 src/ASF/common/services/clock/xmega/sysclk.o
 .debug_macro   0x00006280       0x22 src/ASF/common/services/clock/xmega/sysclk.o
 .debug_macro   0x000062a2      0x16c src/ASF/common/services/clock/xmega/sysclk.o
 .debug_macro   0x0000640e       0x1c src/ASF/common/services/clock/xmega/sysclk.o
 .debug_macro   0x0000642a       0x35 src/ASF/common/services/clock/xmega/sysclk.o
 .debug_macro   0x0000645f       0x51 src/ASF/common/services/clock/xmega/sysclk.o
 .debug_macro   0x000064b0      0x2bd src/ASF/common/services/clock/xmega/sysclk.o
 .debug_macro   0x0000676d       0x97 src/ASF/common/services/clock/xmega/sysclk.o
 .debug_macro   0x00006804       0x17 src/ASF/common/services/clock/xmega/sysclk.o
 .debug_macro   0x0000681b      0x250 src/ASF/common/services/clock/xmega/sysclk.o
 .debug_macro   0x00006a6b       0x76 src/ASF/common/services/clock/xmega/sysclk.o
 .debug_macro   0x00006ae1       0x16 src/ASF/common/services/clock/xmega/sysclk.o
 .debug_macro   0x00006af7      0x6e0 src/ASF/common/services/clock/xmega/sysclk.o
 .debug_macro   0x000071d7       0x10 src/ASF/common/services/clock/xmega/sysclk.o
 .debug_macro   0x000071e7      0x160 src/ASF/common/services/clock/xmega/sysclk.o
 .debug_macro   0x00007347       0x40 src/ASF/common/services/clock/xmega/sysclk.o
 .debug_macro   0x00007387       0x69 src/ASF/common/services/clock/xmega/sysclk.o
 .debug_macro   0x000073f0       0x32 src/ASF/common/services/clock/xmega/sysclk.o
 .debug_macro   0x00007422       0xe4 src/ASF/common/services/clock/xmega/sysclk.o
 .debug_macro   0x00007506       0x22 src/ASF/common/services/clock/xmega/sysclk.o
 .debug_macro   0x00007528      0x1c1 src/ASF/common/services/clock/xmega/sysclk.o
 .debug_macro   0x000076e9       0x94 src/ASF/common/services/clock/xmega/sysclk.o
 .debug_macro   0x0000777d       0x7b src/ASF/common/services/clock/xmega/sysclk.o
 .debug_macro   0x000077f8       0x2f src/ASF/common/services/clock/xmega/sysclk.o
 .debug_macro   0x00007827      0x154 src/ASF/common/services/clock/xmega/sysclk.o
 .debug_macro   0x0000797b       0x26 src/ASF/common/services/clock/xmega/sysclk.o
 .debug_macro   0x000079a1      0x189 src/ASF/common/services/ioport/xmega/ioport_compat.o
 .debug_macro   0x00007b2a       0x7c src/ASF/common/services/ioport/xmega/ioport_compat.o
 .debug_macro   0x00007ba6      0x109 src/ASF/common/services/ioport/xmega/ioport_compat.o
 .debug_macro   0x00007caf      0x199 src/ASF/common/services/sleepmgr/xmega/sleepmgr.o
 .debug_macro   0x00007e48       0x10 src/ASF/common/services/sleepmgr/xmega/sleepmgr.o
 .debug_macro   0x00007e58       0x5e src/ASF/common/services/sleepmgr/xmega/sleepmgr.o
 .debug_macro   0x00007eb6      0x28f src/ASF/common/services/usb/class/cdc/device/udi_cdc.o
 .debug_macro   0x00008145       0x7e src/ASF/common/services/usb/class/cdc/device/udi_cdc.o
 .debug_macro   0x000081c3      0x225 src/ASF/common/services/usb/class/cdc/device/udi_cdc.o
 .debug_macro   0x000083e8       0xec src/ASF/common/services/usb/class/cdc/device/udi_cdc.o
 .debug_macro   0x000084d4      0x233 src/ASF/common/services/usb/class/cdc/device/udi_cdc.o
 .debug_macro   0x00008707       0xbb src/ASF/common/services/usb/class/cdc/device/udi_cdc.o
 .debug_macro   0x000087c2       0x16 src/ASF/common/services/usb/class/cdc/device/udi_cdc.o
 .debug_macro   0x000087d8       0x1c src/ASF/common/services/usb/class/cdc/device/udi_cdc.o
 .debug_macro   0x000087f4      0x190 src/ASF/common/services/usb/class/cdc/device/udi_cdc.o
 .debug_macro   0x00008984       0x16 src/ASF/common/services/usb/class/cdc/device/udi_cdc.o
 .debug_macro   0x0000899a      0x1fa src/ASF/common/services/usb/class/cdc/device/udi_cdc_desc.o
 .debug_macro   0x00008b94      0x1ec src/ASF/common/services/usb/udc/udc.o
 .debug_macro   0x00008d80      0x163 src/ASF/common/utils/stdio/read.o
 .debug_macro   0x00008ee3      0x218 src/ASF/common/utils/stdio/stdio_usb/stdio_usb.o
 .debug_macro   0x000090fb       0x58 src/ASF/common/utils/stdio/stdio_usb/stdio_usb.o
 .debug_macro   0x00009153       0x10 src/ASF/common/utils/stdio/stdio_usb/stdio_usb.o
 .debug_macro   0x00009163       0xeb src/ASF/common/utils/stdio/stdio_usb/stdio_usb.o
 .debug_macro   0x0000924e       0x84 src/ASF/common/utils/stdio/stdio_usb/stdio_usb.o
 .debug_macro   0x000092d2       0x22 src/ASF/common/utils/stdio/stdio_usb/stdio_usb.o
 .debug_macro   0x000092f4      0x163 src/ASF/common/utils/stdio/write.o
 .debug_macro   0x00009457      0x1b0 src/ASF/xmega/boards/stk600/rc044x/init.o
 .debug_macro   0x00009607      0x1bb src/ASF/xmega/boards/stk600/rc044x/init.o
 .debug_macro   0x000097c2      0x18e src/ASF/xmega/drivers/nvm/nvm.o
 .debug_macro   0x00009950      0x2b5 src/ASF/xmega/drivers/usb/usb_device.o
 .debug_macro   0x00009c05      0x467 src/ASF/xmega/drivers/usb/usb_device.o
 .debug_macro   0x0000a06c      0x335 src/main.o
 .debug_macro   0x0000a3a1       0x34 src/main.o
 .debug_macro   0x0000a3d5       0x40 src/main.o
 .debug_macro   0x0000a415       0x1c src/main.o
OUTPUT(DMX-Kontroller.elf elf32-avr)
LOAD linker stubs

.BOOT           0x00010000        0x0
