Archive member included because of file (symbol)

c:/program files (x86)/atmel/atmel toolchain/avr8 gcc/native/3.4.1056/avr8-gnu-toolchain/bin/../lib/gcc/avr/4.8.1/avrxmega4\libgcc.a(_udivmodhi4.o)
                              src/ASF/xmega/drivers/usb/usb_device.o (__udivmodhi4)
c:/program files (x86)/atmel/atmel toolchain/avr8 gcc/native/3.4.1056/avr8-gnu-toolchain/bin/../lib/gcc/avr/4.8.1/avrxmega4\libgcc.a(_exit.o)
                              c:/program files (x86)/atmel/atmel toolchain/avr8 gcc/native/3.4.1056/avr8-gnu-toolchain/bin/../lib/gcc/avr/4.8.1/../../../../avr/lib/avrxmega4/crtx64a4u.o (exit)
c:/program files (x86)/atmel/atmel toolchain/avr8 gcc/native/3.4.1056/avr8-gnu-toolchain/bin/../lib/gcc/avr/4.8.1/avrxmega4\libgcc.a(_tablejump.o)
                              src/ASF/xmega/drivers/usb/usb_device.o (__tablejump2__)
c:/program files (x86)/atmel/atmel toolchain/avr8 gcc/native/3.4.1056/avr8-gnu-toolchain/bin/../lib/gcc/avr/4.8.1/avrxmega4\libgcc.a(_copy_data.o)
                              src/ASF/common/services/sleepmgr/xmega/sleepmgr.o (__do_copy_data)
c:/program files (x86)/atmel/atmel toolchain/avr8 gcc/native/3.4.1056/avr8-gnu-toolchain/bin/../lib/gcc/avr/4.8.1/avrxmega4\libgcc.a(_clear_bss.o)
                              src/ASF/xmega/drivers/dma/dma.o (__do_clear_bss)
c:/program files (x86)/atmel/atmel toolchain/avr8 gcc/native/3.4.1056/avr8-gnu-toolchain/bin/../lib/gcc/avr/4.8.1/../../../../avr/lib/avrxmega4\libc.a(memcpy.o)
                              src/ASF/common/services/usb/class/cdc/device/udi_cdc.o (memcpy)

Allocating common symbols
Common symbol       size              file

buffer              0x200             src/main.o
dma_data            0x8               src/ASF/xmega/drivers/dma/dma.o
udd_g_ctrlreq       0x10              src/ASF/xmega/drivers/usb/usb_device.o
sleepmgr_locks      0x6               src/ASF/common/services/sleepmgr/xmega/sleepmgr.o
dmach_conf          0xb               src/main.o

Discarded input sections

 .bss           0x00000000        0x0 c:/program files (x86)/atmel/atmel toolchain/avr8 gcc/native/3.4.1056/avr8-gnu-toolchain/bin/../lib/gcc/avr/4.8.1/../../../../avr/lib/avrxmega4/crtx64a4u.o
 .group         0x00000000        0x8 src/ASF/common/boards/user_board/init.o
 .group         0x00000000        0x8 src/ASF/common/boards/user_board/init.o
 .group         0x00000000        0x8 src/ASF/common/boards/user_board/init.o
 .group         0x00000000        0x8 src/ASF/common/boards/user_board/init.o
 .group         0x00000000        0x8 src/ASF/common/boards/user_board/init.o
 .group         0x00000000        0x8 src/ASF/common/boards/user_board/init.o
 .group         0x00000000        0x8 src/ASF/common/boards/user_board/init.o
 .group         0x00000000        0x8 src/ASF/common/boards/user_board/init.o
 .group         0x00000000        0x8 src/ASF/common/boards/user_board/init.o
 .group         0x00000000        0x8 src/ASF/common/boards/user_board/init.o
 .group         0x00000000        0x8 src/ASF/common/boards/user_board/init.o
 .group         0x00000000        0x8 src/ASF/common/boards/user_board/init.o
 .group         0x00000000        0x8 src/ASF/common/boards/user_board/init.o
 .group         0x00000000        0x8 src/ASF/common/boards/user_board/init.o
 .group         0x00000000        0x8 src/ASF/common/boards/user_board/init.o
 .group         0x00000000        0x8 src/ASF/common/boards/user_board/init.o
 .group         0x00000000        0x8 src/ASF/common/boards/user_board/init.o
 .group         0x00000000        0x8 src/ASF/common/boards/user_board/init.o
 .group         0x00000000        0x8 src/ASF/common/boards/user_board/init.o
 .group         0x00000000        0x8 src/ASF/common/boards/user_board/init.o
 .group         0x00000000        0x8 src/ASF/common/boards/user_board/init.o
 .group         0x00000000        0x8 src/ASF/common/boards/user_board/init.o
 .group         0x00000000        0x8 src/ASF/common/boards/user_board/init.o
 .group         0x00000000        0x8 src/ASF/common/boards/user_board/init.o
 .group         0x00000000        0x8 src/ASF/common/boards/user_board/init.o
 .group         0x00000000        0x8 src/ASF/common/boards/user_board/init.o
 .group         0x00000000        0x8 src/ASF/common/boards/user_board/init.o
 .group         0x00000000        0x8 src/ASF/common/boards/user_board/init.o
 .group         0x00000000        0x8 src/ASF/common/boards/user_board/init.o
 .group         0x00000000        0x8 src/ASF/common/boards/user_board/init.o
 .group         0x00000000        0x8 src/ASF/common/boards/user_board/init.o
 .group         0x00000000        0x8 src/ASF/common/boards/user_board/init.o
 .group         0x00000000        0x8 src/ASF/common/boards/user_board/init.o
 .group         0x00000000        0x8 src/ASF/common/boards/user_board/init.o
 .group         0x00000000        0x8 src/ASF/common/boards/user_board/init.o
[...]
Memory Configuration

Name             Origin             Length             Attributes
text             0x00000000         0x00100000         xr
data             0x00802000         0x0000ffa0         rw !x
eeprom           0x00810000         0x00010000         rw !x
fuse             0x00820000         0x00000400         rw !x
lock             0x00830000         0x00000400         rw !x
signature        0x00840000         0x00000400         rw !x
user_signatures  0x00850000         0x00000400         rw !x
*default*        0x00000000         0xffffffff

Linker script and memory map

LOAD c:/program files (x86)/atmel/atmel toolchain/avr8 gcc/native/3.4.1056/avr8-gnu-toolchain/bin/../lib/gcc/avr/4.8.1/../../../../avr/lib/avrxmega4/crtx64a4u.o
LOAD src/ASF/common/boards/user_board/init.o
LOAD src/ASF/common/services/hugemem/avr8/avr8_hugemem.o
LOAD src/ASF/xmega/drivers/dma/dma.o
LOAD src/ASF/common/services/clock/xmega/sysclk.o
LOAD src/ASF/common/services/sleepmgr/xmega/sleepmgr.o
LOAD src/ASF/common/services/usb/class/cdc/device/udi_cdc.o
LOAD src/ASF/common/services/usb/class/cdc/device/udi_cdc_desc.o
LOAD src/ASF/common/services/usb/udc/udc.o
LOAD src/ASF/xmega/drivers/cpu/ccp.o
LOAD src/ASF/xmega/drivers/nvm/nvm.o
LOAD src/ASF/xmega/drivers/nvm/nvm_asm.o
LOAD src/ASF/xmega/drivers/usb/usb_device.o
LOAD src/main.o
START GROUP
END GROUP
START GROUP
LOAD c:/program files (x86)/atmel/atmel toolchain/avr8 gcc/native/3.4.1056/avr8-gnu-toolchain/bin/../lib/gcc/avr/4.8.1/avrxmega4\libgcc.a
LOAD c:/program files (x86)/atmel/atmel toolchain/avr8 gcc/native/3.4.1056/avr8-gnu-toolchain/bin/../lib/gcc/avr/4.8.1/../../../../avr/lib/avrxmega4\libm.a
LOAD c:/program files (x86)/atmel/atmel toolchain/avr8 gcc/native/3.4.1056/avr8-gnu-toolchain/bin/../lib/gcc/avr/4.8.1/../../../../avr/lib/avrxmega4\libc.a
END GROUP

.hash
 *(.hash)

.dynsym
 *(.dynsym)

.dynstr
 *(.dynstr)

.gnu.version
 *(.gnu.version)

.gnu.version_d
 *(.gnu.version_d)

.gnu.version_r
 *(.gnu.version_r)

.rel.init
 *(.rel.init)

.rela.init
 *(.rela.init)

.rel.text
 *(.rel.text)
 *(.rel.text.*)
 *(.rel.gnu.linkonce.t*)

.rela.text
 *(.rela.text)
 *(.rela.text.*)
 *(.rela.gnu.linkonce.t*)

.rel.fini
 *(.rel.fini)

.rela.fini
 *(.rela.fini)

.rel.rodata
 *(.rel.rodata)
 *(.rel.rodata.*)
 *(.rel.gnu.linkonce.r*)

.rela.rodata
 *(.rela.rodata)
 *(.rela.rodata.*)
 *(.rela.gnu.linkonce.r*)

.rel.data
 *(.rel.data)
 *(.rel.data.*)
 *(.rel.gnu.linkonce.d*)

.rela.data
 *(.rela.data)
 *(.rela.data.*)
 *(.rela.gnu.linkonce.d*)

.rel.ctors
 *(.rel.ctors)

.rela.ctors
 *(.rela.ctors)

.rel.dtors
 *(.rel.dtors)

.rela.dtors
 *(.rela.dtors)

.rel.got
 *(.rel.got)

.rela.got
 *(.rela.got)

.rel.bss
 *(.rel.bss)

.rela.bss
 *(.rela.bss)

.rel.plt
 *(.rel.plt)

.rela.plt
 *(.rela.plt)

.text           0x00000000     0x24b0
 *(.vectors)
 .vectors       0x00000000      0x1fc c:/program files (x86)/atmel/atmel toolchain/avr8 gcc/native/3.4.1056/avr8-gnu-toolchain/bin/../lib/gcc/avr/4.8.1/../../../../avr/lib/avrxmega4/crtx64a4u.o
                0x00000000                __vector_default
                0x00000000                __vectors
 *(.vectors)
 *(.progmem.gcc*)
 .progmem.gcc_sw_table.udd_ep_get_size
                0x000001fc        0xe src/ASF/xmega/drivers/usb/usb_device.o
 .progmem.gcc_sw_table.toUint8_t
                0x0000020a       0x6c src/main.o
                0x00000276                . = ALIGN (0x2)
                0x00000276                __trampolines_start = .
 *(.trampolines)
 .trampolines   0x00000276        0x0 linker stubs
 *(.trampolines*)
                0x00000276                __trampolines_end = .
 *(.progmem*)
                0x00000276                . = ALIGN (0x2)
 *(.jumptables)
 *(.jumptables*)
 *(.lowtext)
 *(.lowtext*)
                0x00000276                __ctors_start = .
 *(.ctors)
                0x00000276                __ctors_end = .
                0x00000276                __dtors_start = .
 *(.dtors)
                0x00000276                __dtors_end = .
 SORT(*)(.ctors)
 SORT(*)(.dtors)
 *(.init0)
 .init0         0x00000276        0x0 c:/program files (x86)/atmel/atmel toolchain/avr8 gcc/native/3.4.1056/avr8-gnu-toolchain/bin/../lib/gcc/avr/4.8.1/../../../../avr/lib/avrxmega4/crtx64a4u.o
                0x00000276                __init
 *(.init0)
 *(.init1)
 *(.init1)
 *(.init2)
 .init2         0x00000276        0xc c:/program files (x86)/atmel/atmel toolchain/avr8 gcc/native/3.4.1056/avr8-gnu-toolchain/bin/../lib/gcc/avr/4.8.1/../../../../avr/lib/avrxmega4/crtx64a4u.o
 *(.init2)
 *(.init3)
 *(.init3)
 *(.init4)
 .init4         0x00000282       0x1a c:/program files (x86)/atmel/atmel toolchain/avr8 gcc/native/3.4.1056/avr8-gnu-toolchain/bin/../lib/gcc/avr/4.8.1/avrxmega4\libgcc.a(_copy_data.o)
                0x00000282                __do_copy_data
 .init4         0x0000029c       0x10 c:/program files (x86)/atmel/atmel toolchain/avr8 gcc/native/3.4.1056/avr8-gnu-toolchain/bin/../lib/gcc/avr/4.8.1/avrxmega4\libgcc.a(_clear_bss.o)
                0x0000029c                __do_clear_bss
 *(.init4)
 *(.init5)
 *(.init5)
 *(.init6)
 *(.init6)
 *(.init7)
 *(.init7)
 *(.init8)
 *(.init8)
 *(.init9)
 .init9         0x000002ac        0x8 c:/program files (x86)/atmel/atmel toolchain/avr8 gcc/native/3.4.1056/avr8-gnu-toolchain/bin/../lib/gcc/avr/4.8.1/../../../../avr/lib/avrxmega4/crtx64a4u.o
 *(.init9)
 *(.text)
 .text          0x000002b4        0x2 c:/program files (x86)/atmel/atmel toolchain/avr8 gcc/native/3.4.1056/avr8-gnu-toolchain/bin/../lib/gcc/avr/4.8.1/../../../../avr/lib/avrxmega4/crtx64a4u.o
                0x000002b4                __vector_38
                0x000002b4                __vector_104
                0x000002b4                __vector_22
                0x000002b4                __vector_63
                0x000002b4                __vector_28
                0x000002b4                __vector_67
                0x000002b4                __vector_1
                0x000002b4                __vector_119
                0x000002b4                __vector_32
                0x000002b4                __vector_75
                0x000002b4                __vector_71
                0x000002b4                __vector_91
                0x000002b4                __vector_34
                0x000002b4                __vector_62
                0x000002b4                __vector_77
                0x000002b4                __vector_102
                0x000002b4                __vector_24
                0x000002b4                __vector_12
                0x000002b4                __vector_55
                0x000002b4                __vector_69
                0x000002b4                __vector_81
                0x000002b4                __vector_90
                0x000002b4                __vector_46
                0x000002b4                __bad_interrupt
                0x000002b4                __vector_122
                0x000002b4                __vector_72
                0x000002b4                __vector_114
                0x000002b4                __vector_110
                0x000002b4                __vector_31
                0x000002b4                __vector_92
                0x000002b4                __vector_35
                0x000002b4                __vector_78
                0x000002b4                __vector_74
                0x000002b4                __vector_117
                0x000002b4                __vector_39
                0x000002b4                __vector_107
                0x000002b4                __vector_3
                0x000002b4                __vector_105
                0x000002b4                __vector_98
                0x000002b4                __vector_23
                0x000002b4                __vector_68
                0x000002b4                __vector_30
                0x000002b4                __vector_73
                0x000002b4                __vector_45
                0x000002b4                __vector_25
                0x000002b4                __vector_93
                0x000002b4                __vector_61
                0x000002b4                __vector_11
                0x000002b4                __vector_54
                0x000002b4                __vector_99
                0x000002b4                __vector_13
                0x000002b4                __vector_17
                0x000002b4                __vector_19
                0x000002b4                __vector_56
                0x000002b4                __vector_49
                0x000002b4                __vector_123
                0x000002b4                __vector_41
                0x000002b4                __vector_86
                0x000002b4                __vector_100
                0x000002b4                __vector_101
                0x000002b4                __vector_64
                0x000002b4                __vector_88
                0x000002b4                __vector_109
                0x000002b4                __vector_43
                0x000002b4                __vector_27
                0x000002b4                __vector_5
                0x000002b4                __vector_113
                0x000002b4                __vector_33
                0x000002b4                __vector_76
                0x000002b4                __vector_115
                0x000002b4                __vector_47
                0x000002b4                __vector_52
                0x000002b4                __vector_37
                0x000002b4                __vector_95
                0x000002b4                __vector_103
                0x000002b4                __vector_96
                0x000002b4                __vector_89
                0x000002b4                __vector_108
                0x000002b4                __vector_4
                0x000002b4                __vector_44
                0x000002b4                __vector_82
                0x000002b4                __vector_106
                0x000002b4                __vector_118
                0x000002b4                __vector_51
                0x000002b4                __vector_2
                0x000002b4                __vector_21
                0x000002b4                __vector_15
                0x000002b4                __vector_66
                0x000002b4                __vector_36
                0x000002b4                __vector_79
                0x000002b4                __vector_58
                0x000002b4                __vector_70
                0x000002b4                __vector_83
                0x000002b4                __vector_29
                0x000002b4                __vector_60
                0x000002b4                __vector_121
                0x000002b4                __vector_40
                0x000002b4                __vector_85
                0x000002b4                __vector_94
                0x000002b4                __vector_26
                0x000002b4                __vector_48
                0x000002b4                __vector_124
                0x000002b4                __vector_116
                0x000002b4                __vector_112
                0x000002b4                __vector_111
                0x000002b4                __vector_80
                0x000002b4                __vector_14
                0x000002b4                __vector_84
                0x000002b4                __vector_57
                0x000002b4                __vector_53
                0x000002b4                __vector_10
                0x000002b4                __vector_50
                0x000002b4                __vector_16
                0x000002b4                __vector_59
                0x000002b4                __vector_18
                0x000002b4                __vector_97
                0x000002b4                __vector_20
                0x000002b4                __vector_42
                0x000002b4                __vector_87
                0x000002b4                __vector_65
                0x000002b4                __vector_120
                0x000002b6                . = ALIGN (0x2)
 *(.text.*)
 .text.board_init
                0x000002b6        0x2 src/ASF/common/boards/user_board/init.o
                0x000002b6                board_init
 .text.dma_interrupt
                0x000002b8       0xcc src/ASF/xmega/drivers/dma/dma.o
 .text.dma_enable
                0x00000384       0x26 src/ASF/xmega/drivers/dma/dma.o
                0x00000384                dma_enable
 .text.__vector_6
                0x000003aa       0x50 src/ASF/xmega/drivers/dma/dma.o
                0x000003aa                __vector_6
 .text.__vector_7
                0x000003fa       0x50 src/ASF/xmega/drivers/dma/dma.o
                0x000003fa                __vector_7
 .text.__vector_8
                0x0000044a       0x50 src/ASF/xmega/drivers/dma/dma.o
                0x0000044a                __vector_8
 .text.__vector_9
                0x0000049a       0x50 src/ASF/xmega/drivers/dma/dma.o
                0x0000049a                __vector_9
 .text.dma_channel_write_config
                0x000004ea       0x72 src/ASF/xmega/drivers/dma/dma.o
                0x000004ea                dma_channel_write_config
 .text.sysclk_init
                0x0000055c       0xd8 src/ASF/common/services/clock/xmega/sysclk.o
                0x0000055c                sysclk_init
 .text.sysclk_enable_module
                0x00000634       0x16 src/ASF/common/services/clock/xmega/sysclk.o
                0x00000634                sysclk_enable_module
 .text.sysclk_enable_usb
                0x0000064a       0x6e src/ASF/common/services/clock/xmega/sysclk.o
                0x0000064a                sysclk_enable_usb
 .text.udi_cdc_comm_enable
                0x000006b8       0x70 src/ASF/common/services/usb/class/cdc/device/udi_cdc.o
                0x000006b8                udi_cdc_comm_enable
 .text.udi_cdc_comm_disable
                0x00000728        0xc src/ASF/common/services/usb/class/cdc/device/udi_cdc.o
                0x00000728                udi_cdc_comm_disable
 .text.udi_cdc_data_disable
                0x00000734       0x14 src/ASF/common/services/usb/class/cdc/device/udi_cdc.o
                0x00000734                udi_cdc_data_disable
 .text.udi_cdc_data_setup
                0x00000748        0x4 src/ASF/common/services/usb/class/cdc/device/udi_cdc.o
                0x00000748                udi_cdc_data_setup
 .text.udi_cdc_getsetting
                0x0000074c        0x4 src/ASF/common/services/usb/class/cdc/device/udi_cdc.o
                0x0000074c                udi_cdc_getsetting
 .text.udi_cdc_comm_setup
                0x00000750       0xa0 src/ASF/common/services/usb/class/cdc/device/udi_cdc.o
                0x00000750                udi_cdc_comm_setup
 .text.udi_cdc_line_coding_received
                0x000007f0        0x2 src/ASF/common/services/usb/class/cdc/device/udi_cdc.o
 .text.udi_cdc_tx_send
                0x000007f2      0x154 src/ASF/common/services/usb/class/cdc/device/udi_cdc.o
 .text.udi_cdc_data_sent
                0x00000946       0x30 src/ASF/common/services/usb/class/cdc/device/udi_cdc.o
 .text.udi_cdc_data_sof_notify
                0x00000976        0x6 src/ASF/common/services/usb/class/cdc/device/udi_cdc.o
                0x00000976                udi_cdc_data_sof_notify
 .text.udi_cdc_multi_get_nb_received_data
                0x0000097c       0x26 src/ASF/common/services/usb/class/cdc/device/udi_cdc.o
                0x0000097c                udi_cdc_multi_get_nb_received_data
 .text.udi_cdc_multi_is_rx_ready
                0x000009a2        0xe src/ASF/common/services/usb/class/cdc/device/udi_cdc.o
                0x000009a2                udi_cdc_multi_is_rx_ready
 .text.udi_cdc_rx_start
                0x000009b0       0x96 src/ASF/common/services/usb/class/cdc/device/udi_cdc.o
 .text.udi_cdc_data_enable
                0x00000a46       0x64 src/ASF/common/services/usb/class/cdc/device/udi_cdc.o
                0x00000a46                udi_cdc_data_enable
 .text.udi_cdc_data_received
                0x00000aaa       0x5e src/ASF/common/services/usb/class/cdc/device/udi_cdc.o
 .text.udi_cdc_is_rx_ready
                0x00000b08        0x6 src/ASF/common/services/usb/class/cdc/device/udi_cdc.o
                0x00000b08                udi_cdc_is_rx_ready
 .text.udi_cdc_multi_getc
                0x00000b0e       0x9a src/ASF/common/services/usb/class/cdc/device/udi_cdc.o
                0x00000b0e                udi_cdc_multi_getc
 .text.udi_cdc_getc
                0x00000ba8        0x6 src/ASF/common/services/usb/class/cdc/device/udi_cdc.o
                0x00000ba8                udi_cdc_getc
 .text.udi_cdc_multi_get_free_tx_buffer
                0x00000bae       0x68 src/ASF/common/services/usb/class/cdc/device/udi_cdc.o
                0x00000bae                udi_cdc_multi_get_free_tx_buffer
 .text.udi_cdc_multi_is_tx_ready
                0x00000c16        0xe src/ASF/common/services/usb/class/cdc/device/udi_cdc.o
                0x00000c16                udi_cdc_multi_is_tx_ready
 .text.udi_cdc_multi_putc
                0x00000c24       0x90 src/ASF/common/services/usb/class/cdc/device/udi_cdc.o
                0x00000c24                udi_cdc_multi_putc
 .text.udi_cdc_putc
                0x00000cb4        0x8 src/ASF/common/services/usb/class/cdc/device/udi_cdc.o
                0x00000cb4                udi_cdc_putc
 .text.udc_next_desc_in_iface
                0x00000cbc       0x6a src/ASF/common/services/usb/udc/udc.o
 .text.udc_valid_address
                0x00000d26        0xa src/ASF/common/services/usb/udc/udc.o
 .text.udc_update_iface_desc
                0x00000d30       0x74 src/ASF/common/services/usb/udc/udc.o
 .text.udc_iface_disable
                0x00000da4       0x84 src/ASF/common/services/usb/udc/udc.o
 .text.udc_iface_enable
                0x00000e28       0x64 src/ASF/common/services/usb/udc/udc.o
 .text.udc_start
                0x00000e8c        0x4 src/ASF/common/services/usb/udc/udc.o
                0x00000e8c                udc_start
 .text.udc_reset
                0x00000e90       0x4e src/ASF/common/services/usb/udc/udc.o
                0x00000e90                udc_reset
 .text.udc_sof_notify
                0x00000ede       0x5e src/ASF/common/services/usb/udc/udc.o
                0x00000ede                udc_sof_notify
 .text.udc_process_setup
                0x00000f3c      0x552 src/ASF/common/services/usb/udc/udc.o
                0x00000f3c                udc_process_setup
 .text.ccp_write_io
                0x0000148e        0xc src/ASF/xmega/drivers/cpu/ccp.o
                0x0000148e                ccp_write_io
 .text.nvm_read_byte
                0x0000149a       0x14 src/ASF/xmega/drivers/nvm/nvm_asm.o
                0x0000149a                nvm_read_byte
 .text.udd_sleep_mode
                0x000014ae       0x3e src/ASF/xmega/drivers/usb/usb_device.o
 .text.udd_ctrl_init
                0x000014ec       0x5a src/ASF/xmega/drivers/usb/usb_device.o
 .text.udd_ctrl_stall_data
                0x00001546       0x22 src/ASF/xmega/drivers/usb/usb_device.o
 .text.udd_ctrl_send_zlp_in
                0x00001568       0x22 src/ASF/xmega/drivers/usb/usb_device.o
 .text.udd_ctrl_endofrequest
                0x0000158a       0x10 src/ASF/xmega/drivers/usb/usb_device.o
 .text.udd_ctrl_in_sent
                0x0000159a       0xe6 src/ASF/xmega/drivers/usb/usb_device.o
 .text.udd_ep_get_size
                0x00001680       0x48 src/ASF/xmega/drivers/usb/usb_device.o
 .text.udd_ep_get_job
                0x000016c8       0x36 src/ASF/xmega/drivers/usb/usb_device.o
 .text.udd_ctrl_interrupt_tc_setup
                0x000016fe       0xee src/ASF/xmega/drivers/usb/usb_device.o
 .text.udd_ep_trans_complet
                0x000017ec      0x21e src/ASF/xmega/drivers/usb/usb_device.o
 .text.udd_attach
                0x00001a0a       0x46 src/ASF/xmega/drivers/usb/usb_device.o
                0x00001a0a                udd_attach
 .text.udd_enable
                0x00001a50       0xe4 src/ASF/xmega/drivers/usb/usb_device.o
                0x00001a50                udd_enable
 .text.udd_is_high_speed
                0x00001b34        0x4 src/ASF/xmega/drivers/usb/usb_device.o
                0x00001b34                udd_is_high_speed
 .text.udd_set_address
                0x00001b38        0x6 src/ASF/xmega/drivers/usb/usb_device.o
                0x00001b38                udd_set_address
 .text.udd_getaddress
                0x00001b3e        0x6 src/ASF/xmega/drivers/usb/usb_device.o
                0x00001b3e                udd_getaddress
 .text.udd_get_frame_number
                0x00001b44        0xa src/ASF/xmega/drivers/usb/usb_device.o
                0x00001b44                udd_get_frame_number
 .text.udd_get_micro_frame_number
                0x00001b4e        0x6 src/ASF/xmega/drivers/usb/usb_device.o
                0x00001b4e                udd_get_micro_frame_number
 .text.udd_set_setup_payload
                0x00001b54       0x12 src/ASF/xmega/drivers/usb/usb_device.o
                0x00001b54                udd_set_setup_payload
 .text.udd_ep_alloc
                0x00001b66       0xc4 src/ASF/xmega/drivers/usb/usb_device.o
                0x00001b66                udd_ep_alloc
 .text.udd_ep_is_halted
                0x00001c2a       0x36 src/ASF/xmega/drivers/usb/usb_device.o
                0x00001c2a                udd_ep_is_halted
 .text.udd_ep_clear_halt
                0x00001c60       0x54 src/ASF/xmega/drivers/usb/usb_device.o
                0x00001c60                udd_ep_clear_halt
 .text.udd_ep_run
                0x00001cb4      0x10e src/ASF/xmega/drivers/usb/usb_device.o
                0x00001cb4                udd_ep_run
 .text.udd_ep_abort
                0x00001dc2       0x74 src/ASF/xmega/drivers/usb/usb_device.o
                0x00001dc2                udd_ep_abort
 .text.udd_ep_free
                0x00001e36       0x3a src/ASF/xmega/drivers/usb/usb_device.o
                0x00001e36                udd_ep_free
 .text.udd_ep_set_halt
                0x00001e70       0x42 src/ASF/xmega/drivers/usb/usb_device.o
                0x00001e70                udd_ep_set_halt
 .text.__vector_125
                0x00001eb2      0x186 src/ASF/xmega/drivers/usb/usb_device.o
                0x00001eb2                __vector_125
 .text.__vector_126
                0x00002038      0x1de src/ASF/xmega/drivers/usb/usb_device.o
                0x00002038                __vector_126
 .text.toUint8_t
                0x00002216       0x72 src/main.o
                0x00002216                toUint8_t
 .text.uart_rx_notify
                0x00002288       0x72 src/main.o
                0x00002288                uart_rx_notify
 .text.init     0x000022fa       0x92 src/main.o
                0x000022fa                init
 .text.sendDMXPacket
                0x0000238c       0x78 src/main.o
                0x0000238c                sendDMXPacket
 .text.main     0x00002404       0x62 src/main.o
                0x00002404                main
 .text.libgcc.div
                0x00002466       0x28 c:/program files (x86)/atmel/atmel toolchain/avr8 gcc/native/3.4.1056/avr8-gnu-toolchain/bin/../lib/gcc/avr/4.8.1/avrxmega4\libgcc.a(_udivmodhi4.o)
                0x00002466                __udivmodhi4
 .text.libgcc   0x0000248e        0xc c:/program files (x86)/atmel/atmel toolchain/avr8 gcc/native/3.4.1056/avr8-gnu-toolchain/bin/../lib/gcc/avr/4.8.1/avrxmega4\libgcc.a(_tablejump.o)
                0x0000248e                __tablejump2__
                0x00002492                __tablejump__
 .text.avr-libc
                0x0000249a       0x12 c:/program files (x86)/atmel/atmel toolchain/avr8 gcc/native/3.4.1056/avr8-gnu-toolchain/bin/../lib/gcc/avr/4.8.1/../../../../avr/lib/avrxmega4\libc.a(memcpy.o)
                0x0000249a                memcpy
                0x000024ac                . = ALIGN (0x2)
 *(.fini9)
 .fini9         0x000024ac        0x0 c:/program files (x86)/atmel/atmel toolchain/avr8 gcc/native/3.4.1056/avr8-gnu-toolchain/bin/../lib/gcc/avr/4.8.1/avrxmega4\libgcc.a(_exit.o)
                0x000024ac                _exit
                0x000024ac                exit
 *(.fini9)
 *(.fini8)
 *(.fini8)
 *(.fini7)
 *(.fini7)
 *(.fini6)
 *(.fini6)
 *(.fini5)
 *(.fini5)
 *(.fini4)
 *(.fini4)
 *(.fini3)
 *(.fini3)
 *(.fini2)
 *(.fini2)
 *(.fini1)
 *(.fini1)
 *(.fini0)
 .fini0         0x000024ac        0x4 c:/program files (x86)/atmel/atmel toolchain/avr8 gcc/native/3.4.1056/avr8-gnu-toolchain/bin/../lib/gcc/avr/4.8.1/avrxmega4\libgcc.a(_exit.o)
 *(.fini0)
                0x000024b0                _etext = .

.data           0x00802000       0xb4 load address 0x000024b0
                0x00802000                PROVIDE (__data_start, .)
 *(.data)
 .data          0x00802000        0x0 c:/program files (x86)/atmel/atmel toolchain/avr8 gcc/native/3.4.1056/avr8-gnu-toolchain/bin/../lib/gcc/avr/4.8.1/../../../../avr/lib/avrxmega4/crtx64a4u.o
 .data          0x00802000        0x0 src/ASF/common/boards/user_board/init.o
 .data          0x00802000        0x0 src/ASF/common/services/hugemem/avr8/avr8_hugemem.o
 .data          0x00802000        0x0 src/ASF/xmega/drivers/dma/dma.o
 .data          0x00802000        0x0 src/ASF/common/services/clock/xmega/sysclk.o
 .data          0x00802000        0x0 src/ASF/common/services/sleepmgr/xmega/sleepmgr.o
 .data          0x00802000        0x0 src/ASF/common/services/usb/class/cdc/device/udi_cdc.o
 .data          0x00802000        0x0 src/ASF/common/services/usb/class/cdc/device/udi_cdc_desc.o
 .data          0x00802000        0x0 src/ASF/common/services/usb/udc/udc.o
 .data          0x00802000        0x0 src/ASF/xmega/drivers/cpu/ccp.o
 .data          0x00802000        0x0 src/ASF/xmega/drivers/nvm/nvm.o
 .data          0x00802000        0x0 src/ASF/xmega/drivers/nvm/nvm_asm.o
 .data          0x00802000        0x0 src/ASF/xmega/drivers/usb/usb_device.o
 .data          0x00802000        0x0 src/main.o
 .data          0x00802000        0x0 c:/program files (x86)/atmel/atmel toolchain/avr8 gcc/native/3.4.1056/avr8-gnu-toolchain/bin/../lib/gcc/avr/4.8.1/avrxmega4\libgcc.a(_udivmodhi4.o)
 .data          0x00802000        0x0 c:/program files (x86)/atmel/atmel toolchain/avr8 gcc/native/3.4.1056/avr8-gnu-toolchain/bin/../lib/gcc/avr/4.8.1/avrxmega4\libgcc.a(_exit.o)
 .data          0x00802000        0x0 c:/program files (x86)/atmel/atmel toolchain/avr8 gcc/native/3.4.1056/avr8-gnu-toolchain/bin/../lib/gcc/avr/4.8.1/avrxmega4\libgcc.a(_tablejump.o)
 .data          0x00802000        0x0 c:/program files (x86)/atmel/atmel toolchain/avr8 gcc/native/3.4.1056/avr8-gnu-toolchain/bin/../lib/gcc/avr/4.8.1/avrxmega4\libgcc.a(_copy_data.o)
 .data          0x00802000        0x0 c:/program files (x86)/atmel/atmel toolchain/avr8 gcc/native/3.4.1056/avr8-gnu-toolchain/bin/../lib/gcc/avr/4.8.1/avrxmega4\libgcc.a(_clear_bss.o)
 .data          0x00802000        0x0 c:/program files (x86)/atmel/atmel toolchain/avr8 gcc/native/3.4.1056/avr8-gnu-toolchain/bin/../lib/gcc/avr/4.8.1/../../../../avr/lib/avrxmega4\libc.a(memcpy.o)
 *(.data*)
 .data.udi_api_cdc_data
                0x00802000        0xa src/ASF/common/services/usb/class/cdc/device/udi_cdc.o
                0x00802000                udi_api_cdc_data
 .data.udi_api_cdc_comm
                0x0080200a        0xa src/ASF/common/services/usb/class/cdc/device/udi_cdc.o
                0x0080200a                udi_api_cdc_comm
 .data.udc_config
                0x00802014        0x4 src/ASF/common/services/usb/class/cdc/device/udi_cdc_desc.o
                0x00802014                udc_config
 .data.udc_config_fs
                0x00802018        0x4 src/ASF/common/services/usb/class/cdc/device/udi_cdc_desc.o
                0x00802018                udc_config_fs
 .data.udi_apis
                0x0080201c        0x4 src/ASF/common/services/usb/class/cdc/device/udi_cdc_desc.o
                0x0080201c                udi_apis
 .data.udc_desc_fs
                0x00802020       0x44 src/ASF/common/services/usb/class/cdc/device/udi_cdc_desc.o
                0x00802020                udc_desc_fs
 .data.udc_device_desc
                0x00802064       0x12 src/ASF/common/services/usb/class/cdc/device/udi_cdc_desc.o
                0x00802064                udc_device_desc
 .data.udc_string_desc
                0x00802076       0x1e src/ASF/common/services/usb/udc/udc.o
 .data.udc_string_product_name
                0x00802094        0x9 src/ASF/common/services/usb/udc/udc.o
 .data.udc_string_manufacturer_name
                0x0080209d        0xf src/ASF/common/services/usb/udc/udc.o
 .data.udc_string_desc_languageid
                0x008020ac        0x4 src/ASF/common/services/usb/udc/udc.o
 .data.nibble.5369
                0x008020b0        0x1 src/main.o
 *(.rodata)
 *(.rodata*)
 .rodata.str1.1
                0x008020b1        0x2 src/ASF/common/services/usb/udc/udc.o
 *(.gnu.linkonce.d*)
                0x008020b4                . = ALIGN (0x2)
 *fill*         0x008020b3        0x1 
                0x008020b4                _edata = .
                0x008020b4                PROVIDE (__data_end, .)

.bss            0x008020b4      0x88c
                0x008020b4                PROVIDE (__bss_start, .)
 *(.bss)
 *(.bss*)
 .bss.sof_zlp_counter.4806
                0x008020b4        0x2 src/ASF/common/services/usb/class/cdc/device/udi_cdc.o
 .bss.udi_cdc_tx_both_buf_to_send
                0x008020b6        0x1 src/ASF/common/services/usb/class/cdc/device/udi_cdc.o
 .bss.udi_cdc_tx_trans_ongoing
                0x008020b7        0x1 src/ASF/common/services/usb/class/cdc/device/udi_cdc.o
 .bss.udi_cdc_tx_sof_num
                0x008020b8        0x2 src/ASF/common/services/usb/class/cdc/device/udi_cdc.o
 .bss.udi_cdc_tx_buf_sel
                0x008020ba        0x1 src/ASF/common/services/usb/class/cdc/device/udi_cdc.o
 .bss.udi_cdc_tx_buf_nb
                0x008020bb        0x4 src/ASF/common/services/usb/class/cdc/device/udi_cdc.o
 *fill*         0x008020bf        0x1 
 .bss.udi_cdc_tx_buf
                0x008020c0      0x280 src/ASF/common/services/usb/class/cdc/device/udi_cdc.o
 .bss.udi_cdc_rx_trans_ongoing
                0x00802340        0x1 src/ASF/common/services/usb/class/cdc/device/udi_cdc.o
 .bss.udi_cdc_rx_pos
                0x00802341        0x2 src/ASF/common/services/usb/class/cdc/device/udi_cdc.o
 .bss.udi_cdc_rx_buf_sel
                0x00802343        0x1 src/ASF/common/services/usb/class/cdc/device/udi_cdc.o
 .bss.udi_cdc_rx_buf_nb
                0x00802344        0x4 src/ASF/common/services/usb/class/cdc/device/udi_cdc.o
 .bss.udi_cdc_rx_buf
                0x00802348      0x280 src/ASF/common/services/usb/class/cdc/device/udi_cdc.o
 .bss.udi_cdc_data_running
                0x008025c8        0x1 src/ASF/common/services/usb/class/cdc/device/udi_cdc.o
 .bss.udi_cdc_nb_data_enabled
                0x008025c9        0x1 src/ASF/common/services/usb/class/cdc/device/udi_cdc.o
 .bss.udi_cdc_nb_comm_enabled
                0x008025ca        0x1 src/ASF/common/services/usb/class/cdc/device/udi_cdc.o
 *fill*         0x008025cb        0x1 
 .bss.uid_cdc_state_msg
                0x008025cc        0xa src/ASF/common/services/usb/class/cdc/device/udi_cdc.o
 .bss.udi_cdc_state
                0x008025d6        0x2 src/ASF/common/services/usb/class/cdc/device/udi_cdc.o
 .bss.udi_cdc_line_coding
                0x008025d8        0x7 src/ASF/common/services/usb/class/cdc/device/udi_cdc.o
 .bss.udc_ep_status.4515
                0x008025df        0x2 src/ASF/common/services/usb/udc/udc.o
 .bss.udc_iface_setting.4574
                0x008025e1        0x1 src/ASF/common/services/usb/udc/udc.o
 .bss.udc_ptr_iface
                0x008025e2        0x2 src/ASF/common/services/usb/udc/udc.o
 .bss.udc_ptr_conf
                0x008025e4        0x2 src/ASF/common/services/usb/udc/udc.o
 .bss.udc_num_configuration
                0x008025e6        0x1 src/ASF/common/services/usb/udc/udc.o
 .bss.udc_device_status
                0x008025e7        0x2 src/ASF/common/services/usb/udc/udc.o
 .bss.b_shortpacket.5215
                0x008025e9        0x1 src/ASF/xmega/drivers/usb/usb_device.o
 .bss.udd_ep_out_cache_buffer
                0x008025ea       0x80 src/ASF/xmega/drivers/usb/usb_device.o
 .bss.udd_ep_job
                0x0080266a       0x24 src/ASF/xmega/drivers/usb/usb_device.o
 .bss.udd_ctrl_buffer
                0x0080268e       0x40 src/ASF/xmega/drivers/usb/usb_device.o
 .bss.udd_ctrl_payload_nb_trans
                0x008026ce        0x2 src/ASF/xmega/drivers/usb/usb_device.o
 .bss.udd_ctrl_prev_payload_nb_trans
                0x008026d0        0x2 src/ASF/xmega/drivers/usb/usb_device.o
 .bss.udd_ep_control_state
                0x008026d2        0x2 src/ASF/xmega/drivers/usb/usb_device.o
 .bss.udd_sram  0x008026d4       0x40 src/ASF/xmega/drivers/usb/usb_device.o
 .bss.udd_b_idle
                0x00802714        0x1 src/ASF/xmega/drivers/usb/usb_device.o
 .bss.buffer_idx.5370
                0x00802715        0x2 src/main.o
 *(COMMON)
 COMMON         0x00802717        0x8 src/ASF/xmega/drivers/dma/dma.o
                0x00802717                dma_data
 COMMON         0x0080271f        0x6 src/ASF/common/services/sleepmgr/xmega/sleepmgr.o
                0x0080271f                sleepmgr_locks
 COMMON         0x00802725       0x10 src/ASF/xmega/drivers/usb/usb_device.o
                0x00802725                udd_g_ctrlreq
 COMMON         0x00802735      0x20b src/main.o
                0x00802735                buffer
                0x00802935                dmach_conf
                0x00802940                PROVIDE (__bss_end, .)
                0x000024b0                __data_load_start = LOADADDR (.data)
                0x00002564                __data_load_end = (__data_load_start + SIZEOF (.data))

.noinit         0x00802940        0x0
                0x00802940                PROVIDE (__noinit_start, .)
 *(.noinit*)
                0x00802940                PROVIDE (__noinit_end, .)
                0x00802940                _end = .
                0x00802940                PROVIDE (__heap_start, .)

.eeprom         0x00810000        0x0
 *(.eeprom*)
                0x00810000                __eeprom_end = .

.fuse
 *(.fuse)
 *(.lfuse)
 *(.hfuse)
 *(.efuse)

.lock
 *(.lock*)

.signature
 *(.signature*)

.user_signatures
 *(.user_signatures*)

.stab
 *(.stab)

.stabstr
 *(.stabstr)

.stab.excl
 *(.stab.excl)

.stab.exclstr
 *(.stab.exclstr)

.stab.index
 *(.stab.index)

.stab.indexstr
 *(.stab.indexstr)

.comment        0x00000000       0x30
 *(.comment)
 .comment       0x00000000       0x30 src/ASF/common/boards/user_board/init.o
                                 0x31 (size before relaxing)
 .comment       0x00000000       0x31 src/ASF/common/services/hugemem/avr8/avr8_hugemem.o
 .comment       0x00000000       0x31 src/ASF/xmega/drivers/dma/dma.o
 .comment       0x00000000       0x31 src/ASF/common/services/clock/xmega/sysclk.o
 .comment       0x00000000       0x31 src/ASF/common/services/sleepmgr/xmega/sleepmgr.o
 .comment       0x00000000       0x31 src/ASF/common/services/usb/class/cdc/device/udi_cdc.o
 .comment       0x00000000       0x31 src/ASF/common/services/usb/class/cdc/device/udi_cdc_desc.o
 .comment       0x00000000       0x31 src/ASF/common/services/usb/udc/udc.o
 .comment       0x00000000       0x31 src/ASF/xmega/drivers/nvm/nvm.o
 .comment       0x00000000       0x31 src/ASF/xmega/drivers/usb/usb_device.o
 .comment       0x00000000       0x31 src/main.o

.note.gnu.build-id
 *(.note.gnu.build-id)

.debug
 *(.debug)

.line
 *(.line)

.debug_srcinfo
 *(.debug_srcinfo)

.debug_sfnames
 *(.debug_sfnames)

.debug_aranges  0x00000000      0x550
 *(.debug_aranges)
 .debug_aranges
                0x00000000       0x20 src/ASF/common/boards/user_board/init.o
 .debug_aranges
                0x00000020       0x18 src/ASF/common/services/hugemem/avr8/avr8_hugemem.o
 .debug_aranges
                0x00000038       0x68 src/ASF/xmega/drivers/dma/dma.o
 .debug_aranges
                0x000000a0       0x40 src/ASF/common/services/clock/xmega/sysclk.o
 .debug_aranges
                0x000000e0       0x18 src/ASF/common/services/sleepmgr/xmega/sleepmgr.o
 .debug_aranges
                0x000000f8      0x168 src/ASF/common/services/usb/class/cdc/device/udi_cdc.o
 .debug_aranges
                0x00000260       0x18 src/ASF/common/services/usb/class/cdc/device/udi_cdc_desc.o
 .debug_aranges
                0x00000278       0x70 src/ASF/common/services/usb/udc/udc.o
 .debug_aranges
                0x000002e8       0x20 src/ASF/xmega/drivers/cpu/ccp.o
 .debug_aranges
                0x00000308       0xc0 src/ASF/xmega/drivers/nvm/nvm.o
 .debug_aranges
                0x000003c8       0x28 src/ASF/xmega/drivers/nvm/nvm_asm.o
 .debug_aranges
                0x000003f0      0x120 src/ASF/xmega/drivers/usb/usb_device.o
 .debug_aranges
                0x00000510       0x40 src/main.o

.debug_pubnames
 *(.debug_pubnames)

.debug_info     0x00000000     0x8dbd
 *(.debug_info .gnu.linkonce.wi.*)
 .debug_info    0x00000000       0xff src/ASF/common/boards/user_board/init.o
 .debug_info    0x000000ff       0x6f src/ASF/common/services/hugemem/avr8/avr8_hugemem.o
 .debug_info    0x0000016e      0xa5b src/ASF/xmega/drivers/dma/dma.o
 .debug_info    0x00000bc9      0xc47 src/ASF/common/services/clock/xmega/sysclk.o
 .debug_info    0x00001810      0x121 src/ASF/common/services/sleepmgr/xmega/sleepmgr.o
 .debug_info    0x00001931     0x1809 src/ASF/common/services/usb/class/cdc/device/udi_cdc.o
 .debug_info    0x0000313a      0x74a src/ASF/common/services/usb/class/cdc/device/udi_cdc_desc.o
 .debug_info    0x00003884     0x10e5 src/ASF/common/services/usb/udc/udc.o
 .debug_info    0x00004969       0xa9 src/ASF/xmega/drivers/cpu/ccp.o
 .debug_info    0x00004a12     0x139f src/ASF/xmega/drivers/nvm/nvm.o
 .debug_info    0x00005db1       0xa9 src/ASF/xmega/drivers/nvm/nvm_asm.o
 .debug_info    0x00005e5a     0x1e24 src/ASF/xmega/drivers/usb/usb_device.o
 .debug_info    0x00007c7e     0x113f src/main.o

.debug_abbrev   0x00000000     0x1cda
 *(.debug_abbrev)
 .debug_abbrev  0x00000000       0x8b src/ASF/common/boards/user_board/init.o
 .debug_abbrev  0x0000008b       0x29 src/ASF/common/services/hugemem/avr8/avr8_hugemem.o
 .debug_abbrev  0x000000b4      0x30e src/ASF/xmega/drivers/dma/dma.o
 .debug_abbrev  0x000003c2      0x2cd src/ASF/common/services/clock/xmega/sysclk.o
 .debug_abbrev  0x0000068f       0x80 src/ASF/common/services/sleepmgr/xmega/sleepmgr.o
 .debug_abbrev  0x0000070f      0x3bb src/ASF/common/services/usb/class/cdc/device/udi_cdc.o
 .debug_abbrev  0x00000aca       0xef src/ASF/common/services/usb/class/cdc/device/udi_cdc_desc.o
 .debug_abbrev  0x00000bb9      0x3b1 src/ASF/common/services/usb/udc/udc.o
 .debug_abbrev  0x00000f6a       0x14 src/ASF/xmega/drivers/cpu/ccp.o
 .debug_abbrev  0x00000f7e      0x3fb src/ASF/xmega/drivers/nvm/nvm.o
 .debug_abbrev  0x00001379       0x12 src/ASF/xmega/drivers/nvm/nvm_asm.o
 .debug_abbrev  0x0000138b      0x5b2 src/ASF/xmega/drivers/usb/usb_device.o
 .debug_abbrev  0x0000193d      0x39d src/main.o

.debug_line     0x00000000     0x6a49
 *(.debug_line .debug_line.* .debug_line_end)
 .debug_line    0x00000000      0x7e6 src/ASF/common/boards/user_board/init.o
 .debug_line    0x000007e6      0x40b src/ASF/common/services/hugemem/avr8/avr8_hugemem.o
 .debug_line    0x00000bf1      0x8e2 src/ASF/xmega/drivers/dma/dma.o
 .debug_line    0x000014d3      0x713 src/ASF/common/services/clock/xmega/sysclk.o
 .debug_line    0x00001be6      0x430 src/ASF/common/services/sleepmgr/xmega/sleepmgr.o
 .debug_line    0x00002016      0xe6c src/ASF/common/services/usb/class/cdc/device/udi_cdc.o
 .debug_line    0x00002e82      0x4b2 src/ASF/common/services/usb/class/cdc/device/udi_cdc_desc.o
 .debug_line    0x00003334      0xaa4 src/ASF/common/services/usb/udc/udc.o
 .debug_line    0x00003dd8       0x6e src/ASF/xmega/drivers/cpu/ccp.o
 .debug_line    0x00003e46      0xb63 src/ASF/xmega/drivers/nvm/nvm.o
 .debug_line    0x000049a9      0x11f src/ASF/xmega/drivers/nvm/nvm_asm.o
 .debug_line    0x00004ac8     0x14a3 src/ASF/xmega/drivers/usb/usb_device.o
 .debug_line    0x00005f6b      0xade src/main.o

.debug_frame    0x00000000      0xee0
 *(.debug_frame)
 .debug_frame   0x00000000       0x24 src/ASF/common/boards/user_board/init.o
 .debug_frame   0x00000024      0x1e0 src/ASF/xmega/drivers/dma/dma.o
 .debug_frame   0x00000204       0x74 src/ASF/common/services/clock/xmega/sysclk.o
 .debug_frame   0x00000278      0x3a0 src/ASF/common/services/usb/class/cdc/device/udi_cdc.o
 .debug_frame   0x00000618      0x120 src/ASF/common/services/usb/udc/udc.o
 .debug_frame   0x00000738      0x354 src/ASF/xmega/drivers/nvm/nvm.o
 .debug_frame   0x00000a8c      0x3d0 src/ASF/xmega/drivers/usb/usb_device.o
 .debug_frame   0x00000e5c       0x84 src/main.o

.debug_str      0x00000000    0x2d7e9
 *(.debug_str)
 .debug_str     0x00000000    0x266a4 src/ASF/common/boards/user_board/init.o
                              0x26d2b (size before relaxing)
 .debug_str     0x000266a4       0x37 src/ASF/common/services/hugemem/avr8/avr8_hugemem.o
                              0x21f1b (size before relaxing)
 .debug_str     0x000266db      0x510 src/ASF/xmega/drivers/dma/dma.o
                              0x23875 (size before relaxing)
 .debug_str     0x00026beb      0x71e src/ASF/common/services/clock/xmega/sysclk.o
                              0x2369b (size before relaxing)
 .debug_str     0x00027309       0x35 src/ASF/common/services/sleepmgr/xmega/sleepmgr.o
                              0x221e4 (size before relaxing)
 .debug_str     0x0002733e      0xd96 src/ASF/common/services/usb/class/cdc/device/udi_cdc.o
                              0x264fe (size before relaxing)
 .debug_str     0x000280d4      0x584 src/ASF/common/services/usb/class/cdc/device/udi_cdc_desc.o
                              0x25b1d (size before relaxing)
 .debug_str     0x00028658      0x7fd src/ASF/common/services/usb/udc/udc.o
                              0x24cc3 (size before relaxing)
 .debug_str     0x00028e55      0x553 src/ASF/xmega/drivers/nvm/nvm.o
                              0x22911 (size before relaxing)
 .debug_str     0x000293a8     0x36b1 src/ASF/xmega/drivers/usb/usb_device.o
                              0x295ae (size before relaxing)
 .debug_str     0x0002ca59      0xd90 src/main.o
                              0x27f0b (size before relaxing)

.debug_loc      0x00000000     0x3db1
 *(.debug_loc)
 .debug_loc     0x00000000      0x504 src/ASF/xmega/drivers/dma/dma.o
 .debug_loc     0x00000504      0x328 src/ASF/common/services/clock/xmega/sysclk.o
 .debug_loc     0x0000082c      0xe55 src/ASF/common/services/usb/class/cdc/device/udi_cdc.o
 .debug_loc     0x00001681      0x51d src/ASF/common/services/usb/udc/udc.o
 .debug_loc     0x00001b9e     0x10d1 src/ASF/xmega/drivers/nvm/nvm.o
 .debug_loc     0x00002c6f      0xf90 src/ASF/xmega/drivers/usb/usb_device.o
 .debug_loc     0x00003bff      0x1b2 src/main.o

.debug_macinfo
 *(.debug_macinfo)

.debug_weaknames
 *(.debug_weaknames)

.debug_funcnames
 *(.debug_funcnames)

.debug_typenames
 *(.debug_typenames)

.debug_varnames
 *(.debug_varnames)

.debug_pubtypes
 *(.debug_pubtypes)

.debug_ranges   0x00000000      0x4d8
 *(.debug_ranges)
 .debug_ranges  0x00000000       0x10 src/ASF/common/boards/user_board/init.o
 .debug_ranges  0x00000010       0x58 src/ASF/xmega/drivers/dma/dma.o
 .debug_ranges  0x00000068       0x30 src/ASF/common/services/clock/xmega/sysclk.o
 .debug_ranges  0x00000098      0x158 src/ASF/common/services/usb/class/cdc/device/udi_cdc.o
 .debug_ranges  0x000001f0       0xa8 src/ASF/common/services/usb/udc/udc.o
 .debug_ranges  0x00000298       0xc8 src/ASF/xmega/drivers/nvm/nvm.o
 .debug_ranges  0x00000360       0x20 src/ASF/xmega/drivers/nvm/nvm_asm.o
 .debug_ranges  0x00000380      0x128 src/ASF/xmega/drivers/usb/usb_device.o
 .debug_ranges  0x000004a8       0x30 src/main.o

.debug_macro    0x00000000     0xa83c
 *(.debug_macro)
 .debug_macro   0x00000000      0x336 src/ASF/common/boards/user_board/init.o
 .debug_macro   0x00000336      0xa48 src/ASF/common/boards/user_board/init.o
 .debug_macro   0x00000d7e       0x10 src/ASF/common/boards/user_board/init.o
 .debug_macro   0x00000d8e      0x1ad src/ASF/common/boards/user_board/init.o
 .debug_macro   0x00000f3b      0x293 src/ASF/common/boards/user_board/init.o
 .debug_macro   0x000011ce       0x9e src/ASF/common/boards/user_board/init.o
 .debug_macro   0x0000126c     0x5486 src/ASF/common/boards/user_board/init.o
 .debug_macro   0x000066f2       0x9a src/ASF/common/boards/user_board/init.o
 .debug_macro   0x0000678c       0xf1 src/ASF/common/boards/user_board/init.o
 .debug_macro   0x0000687d       0x34 src/ASF/common/boards/user_board/init.o
 .debug_macro   0x000068b1       0x10 src/ASF/common/boards/user_board/init.o
 .debug_macro   0x000068c1       0x18 src/ASF/common/boards/user_board/init.o
 .debug_macro   0x000068d9       0x5e src/ASF/common/boards/user_board/init.o
 .debug_macro   0x00006937       0x10 src/ASF/common/boards/user_board/init.o
 .debug_macro   0x00006947       0x22 src/ASF/common/boards/user_board/init.o
 .debug_macro   0x00006969      0x166 src/ASF/common/boards/user_board/init.o
 .debug_macro   0x00006acf       0x1c src/ASF/common/boards/user_board/init.o
 .debug_macro   0x00006aeb       0x35 src/ASF/common/boards/user_board/init.o
 .debug_macro   0x00006b20       0x66 src/ASF/common/boards/user_board/init.o
 .debug_macro   0x00006b86      0x2bd src/ASF/common/boards/user_board/init.o
 .debug_macro   0x00006e43       0x97 src/ASF/common/boards/user_board/init.o
 .debug_macro   0x00006eda       0x17 src/ASF/common/boards/user_board/init.o
 .debug_macro   0x00006ef1      0x250 src/ASF/common/boards/user_board/init.o
 .debug_macro   0x00007141       0x76 src/ASF/common/boards/user_board/init.o
 .debug_macro   0x000071b7       0x16 src/ASF/common/boards/user_board/init.o
 .debug_macro   0x000071cd      0x6e0 src/ASF/common/boards/user_board/init.o
 .debug_macro   0x000078ad       0x10 src/ASF/common/boards/user_board/init.o
 .debug_macro   0x000078bd      0x175 src/ASF/common/boards/user_board/init.o
 .debug_macro   0x00007a32       0x40 src/ASF/common/boards/user_board/init.o
 .debug_macro   0x00007a72       0x69 src/ASF/common/boards/user_board/init.o
 .debug_macro   0x00007adb       0x32 src/ASF/common/boards/user_board/init.o
 .debug_macro   0x00007b0d       0xe4 src/ASF/common/boards/user_board/init.o
 .debug_macro   0x00007bf1       0x34 src/ASF/common/boards/user_board/init.o
 .debug_macro   0x00007c25       0x16 src/ASF/common/boards/user_board/init.o
 .debug_macro   0x00007c3b       0x10 src/ASF/common/boards/user_board/init.o
 .debug_macro   0x00007c4b      0x1c1 src/ASF/common/boards/user_board/init.o
 .debug_macro   0x00007e0c       0x26 src/ASF/common/boards/user_board/init.o
 .debug_macro   0x00007e32       0x5e src/ASF/common/boards/user_board/init.o
 .debug_macro   0x00007e90       0x10 src/ASF/common/boards/user_board/init.o
 .debug_macro   0x00007ea0       0x2e src/ASF/common/boards/user_board/init.o
 .debug_macro   0x00007ece       0x66 src/ASF/common/boards/user_board/init.o
 .debug_macro   0x00007f34       0x2f src/ASF/common/boards/user_board/init.o
 .debug_macro   0x00007f63      0x154 src/ASF/common/boards/user_board/init.o
 .debug_macro   0x000080b7      0x225 src/ASF/common/boards/user_board/init.o
 .debug_macro   0x000082dc       0x8f src/ASF/common/boards/user_board/init.o
 .debug_macro   0x0000836b       0xec src/ASF/common/boards/user_board/init.o
 .debug_macro   0x00008457      0x233 src/ASF/common/boards/user_board/init.o
 .debug_macro   0x0000868a       0xbb src/ASF/common/boards/user_board/init.o
 .debug_macro   0x00008745       0x16 src/ASF/common/boards/user_board/init.o
 .debug_macro   0x0000875b       0x1c src/ASF/common/boards/user_board/init.o
 .debug_macro   0x00008777      0x190 src/ASF/common/boards/user_board/init.o
 .debug_macro   0x00008907      0x1a4 src/ASF/common/services/hugemem/avr8/avr8_hugemem.o
 .debug_macro   0x00008aab      0x10e src/ASF/common/services/hugemem/avr8/avr8_hugemem.o
 .debug_macro   0x00008bb9       0x20 src/ASF/common/services/hugemem/avr8/avr8_hugemem.o
 .debug_macro   0x00008bd9      0x299 src/ASF/common/services/hugemem/avr8/avr8_hugemem.o
 .debug_macro   0x00008e72       0x7f src/ASF/common/services/hugemem/avr8/avr8_hugemem.o
 .debug_macro   0x00008ef1      0x277 src/ASF/xmega/drivers/dma/dma.o
 .debug_macro   0x00009168      0x1e6 src/ASF/common/services/clock/xmega/sysclk.o
 .debug_macro   0x0000934e      0x1a3 src/ASF/common/services/sleepmgr/xmega/sleepmgr.o
 .debug_macro   0x000094f1      0x2a4 src/ASF/common/services/usb/class/cdc/device/udi_cdc.o
 .debug_macro   0x00009795       0x89 src/ASF/common/services/usb/class/cdc/device/udi_cdc.o
 .debug_macro   0x0000981e      0x20f src/ASF/common/services/usb/class/cdc/device/udi_cdc_desc.o
 .debug_macro   0x00009a2d      0x201 src/ASF/common/services/usb/udc/udc.o
 .debug_macro   0x00009c2e      0x198 src/ASF/xmega/drivers/nvm/nvm.o
 .debug_macro   0x00009dc6      0x2d5 src/ASF/xmega/drivers/usb/usb_device.o
 .debug_macro   0x0000a09b      0x467 src/ASF/xmega/drivers/usb/usb_device.o
 .debug_macro   0x0000a502      0x33a src/main.o
OUTPUT(DMX-Kontroller-2.elf elf32-avr)
LOAD linker stubs
